 http://www.oldradioworld.com/media/Vintage Commercials 1957 Chevrolet.mp3
 http://www.oldradioworld.com/media/Vintage Commercials Adam Hats.mp3
 http://www.oldradioworld.com/media/Vintage Commercials Admiral.mp3
 http://www.oldradioworld.com/media/Vintage Commercials Ajax.mp3
 http://www.oldradioworld.com/media/Vintage Commercials Alka Seltzer.mp3
 http://www.oldradioworld.com/media/Vintage Commercials Alka Seltzer Plop Plop Fizz Fizz.mp3
 http://www.oldradioworld.com/media/Vintage Commercials Anacin.mp3
 http://www.oldradioworld.com/media/Vintage Commercials Anchor Hocking.mp3
 http://www.oldradioworld.com/media/Vintage Commercials Arid Deoderant.mp3
 http://www.oldradioworld.com/media/Vintage Commercials Armour Hot Dogs.mp3
 http://www.oldradioworld.com/media/Vintage Commercials Auto Lite.mp3
 http://www.oldradioworld.com/media/Vintage Commercials Beech Nut Chewing Gum.mp3
 http://www.oldradioworld.com/media/Vintage Commercials Blue Coal.mp3
 http://www.oldradioworld.com/media/Vintage Commercials Bosco.mp3
 http://www.oldradioworld.com/media/Vintage Commercials Brisk Toothpaste.mp3
 http://www.oldradioworld.com/media/Vintage Commercials Bromo Quinine.mp3
 http://www.oldradioworld.com/media/Vintage Commercials Bromo Seltzer.mp3
 http://www.oldradioworld.com/media/Vintage Commercials Brylcream.mp3
 http://www.oldradioworld.com/media/Vintage Commercials Bubble Up.mp3
 http://www.oldradioworld.com/media/Vintage Commercials Budweiser.mp3
 http://www.oldradioworld.com/media/Vintage Commercials Budweiser Beer.mp3
 http://www.oldradioworld.com/media/Vintage Commercials Buick.mp3
 http://www.oldradioworld.com/media/Vintage Commercials Bulova.mp3
 http://www.oldradioworld.com/media/Vintage Commercials Camel Cigarettes.mp3
 http://www.oldradioworld.com/media/Vintage Commercials Campana.mp3
 http://www.oldradioworld.com/media/Vintage Commercials Campbells Soup.mp3
 http://www.oldradioworld.com/media/Vintage Commercials Captain Midnite Ovaltine.mp3
 http://www.oldradioworld.com/media/Vintage Commercials Carters Little Liver Pills.mp3
 http://www.oldradioworld.com/media/Vintage Commercials Chesterfield Cigarettes.mp3
 http://www.oldradioworld.com/media/Vintage Commercials Cheverolet.mp3
 http://www.oldradioworld.com/media/Vintage Commercials Chevrolet 1957.mp3
 http://www.oldradioworld.com/media/Vintage Commercials Chevrolet Dinah Shore.mp3
 http://www.oldradioworld.com/media/Vintage Commercials Chiquita Bananas Im A Chiquita Banana.mp3
 http://www.oldradioworld.com/media/Vintage Commercials Coleman.mp3
 http://www.oldradioworld.com/media/Vintage Commercials Colgate Shaving Cream.mp3
 http://www.oldradioworld.com/media/Vintage Commercials Colgatetooth Powder.mp3
 http://www.oldradioworld.com/media/Vintage Commercials Coney Island Penny Machine.mp3
 http://www.oldradioworld.com/media/Vintage Commercials Contadina Tomato Paste.mp3
 http://www.oldradioworld.com/media/Vintage Commercials Cream of Wheat.mp3
 http://www.oldradioworld.com/media/Vintage Commercials Creamo Cigars.mp3
 http://www.oldradioworld.com/media/Vintage Commercials Crest Toothpaste.mp3
 http://www.oldradioworld.com/media/Vintage Commercials Crestablanca.mp3
 http://www.oldradioworld.com/media/Vintage Commercials Crisco.mp3
 http://www.oldradioworld.com/media/Vintage Commercials Dodge.mp3
 http://www.oldradioworld.com/media/Vintage Commercials Doublemint Gum.mp3
 http://www.oldradioworld.com/media/Vintage Commercials Dr Lyons Tooth Powder.mp3
 http://www.oldradioworld.com/media/Vintage Commercials Dupont.mp3
 http://www.oldradioworld.com/media/Vintage Commercials Edsel 1958.mp3
 http://www.oldradioworld.com/media/Vintage Commercials Elgin American.mp3
 http://www.oldradioworld.com/media/Vintage Commercials Energine Shoe White.mp3
 http://www.oldradioworld.com/media/Vintage Commercials Exlax.mp3
 http://www.oldradioworld.com/media/Vintage Commercials Fatima Cigarettes.mp3
 http://www.oldradioworld.com/media/Vintage Commercials Fitch.mp3
 http://www.oldradioworld.com/media/Vintage Commercials Ford.mp3
 http://www.oldradioworld.com/media/Vintage Commercials Frankenstein.mp3
 http://www.oldradioworld.com/media/Vintage Commercials Fritos Corn Chips.mp3
 http://www.oldradioworld.com/media/Vintage Commercials Gellete Blue Blades.mp3
 http://www.oldradioworld.com/media/Vintage Commercials Gem Blades.mp3
 http://www.oldradioworld.com/media/Gillette Blades 2.mp3
 http://www.oldradioworld.com/media/Vintage Commercials Glocoat Wax.mp3
 http://www.oldradioworld.com/media/Vintage Commercials GM Guardian Maintenance.mp3
 http://www.oldradioworld.com/media/Vintage Commercials Good N  Plenty Choo Choo Charlie.mp3
 http://www.oldradioworld.com/media/Vintage Commercials Goodyear Life Guard Tires.mp3
 http://www.oldradioworld.com/media/Vintage Commercials Goodyear Rubber Cement.mp3
 http://www.oldradioworld.com/media/Vintage Commercials Groves Nose Drops.mp3
 http://www.oldradioworld.com/media/Vintage Commercials Haleysmo.mp3
 http://www.oldradioworld.com/media/Vintage Commercials Hallo Shampoo.mp3
 http://www.oldradioworld.com/media/Vintage Commercials Happy Trails Roy Rogers.mp3
 http://www.oldradioworld.com/media/Vintage Commercials Household Finance Corp.mp3
 http://www.oldradioworld.com/media/Vintage Commercials Ingram Gasoline.mp3
 http://www.oldradioworld.com/media/Vintage Commercials International Sterling.mp3
 http://www.oldradioworld.com/media/Vintage Commercials Ipana Toothpaste Bucky Beaver.mp3
 http://www.oldradioworld.com/media/Vintage Commercials Ironized Yeast.mp3
 http://www.oldradioworld.com/media/Vintage Commercials Ivory Soap.mp3
 http://www.oldradioworld.com/media/Vintage Commercials Jack Benny Dennis Day For Texaco.mp3
 http://www.oldradioworld.com/media/Vintage Commercials Jack Benny Frank Nelson For Kodak.mp3
 http://www.oldradioworld.com/media/Vintage Commercials Jello 1955.mp3
 http://www.oldradioworld.com/media/Vintage Commercials Jello Chocolate Pudding.mp3
 http://www.oldradioworld.com/media/Vintage Commercials Jergens Lotion.mp3
 http://www.oldradioworld.com/media/Vintage Commercials Kellogs Pep.mp3
 http://www.oldradioworld.com/media/Vintage Commercials Ken l Ration Dog Food.mp3
 http://www.oldradioworld.com/media/Vintage Commercials Kent Cigarettes.mp3
 http://www.oldradioworld.com/media/Vintage Commercials Lava.mp3
 http://www.oldradioworld.com/media/Vintage Commercials Lifebouy Health Soap 1948.mp3
 http://www.oldradioworld.com/media/Vintage Commercials Lifebouy Soap.mp3
 http://www.oldradioworld.com/media/Vintage Commercials Lowenbrau Beer.mp3
 http://www.oldradioworld.com/media/Vintage Commercials Lucky Beer.mp3
 http://www.oldradioworld.com/media/Vintage Commercials Lucky Strike Cigarettes.mp3
 http://www.oldradioworld.com/media/Vintage Commercials Luster Cream.mp3
 http://www.oldradioworld.com/media/Vintage Commercials Lux Toilet Soap.mp3
 http://www.oldradioworld.com/media/Vintage Commercials March of Dimes.mp3
 http://www.oldradioworld.com/media/Vintage Commercials Marlboro.mp3
 http://www.oldradioworld.com/media/Vintage Commercials Maxwellhouse Coffee.mp3
 http://www.oldradioworld.com/media/Vintage Commercials Mayfield Cigarettes.mp3
 http://www.oldradioworld.com/media/Vintage Commercials Miller Beer.mp3
 http://www.oldradioworld.com/media/Vintage Commercials Movie Intermission.mp3
 http://www.oldradioworld.com/media/Vintage Commercials Mr Clean Mr Clean.mp3
 http://www.oldradioworld.com/media/Vintage Commercials Nabisco.mp3
 http://www.oldradioworld.com/media/Vintage Commercials Nash Automobiles.mp3
 http://www.oldradioworld.com/media/Vintage Commercials Nescafe.mp3
 http://www.oldradioworld.com/media/Vintage Commercials Nestles.mp3
 http://www.oldradioworld.com/media/Vintage Commercials Northwestorient Airlines.mp3
 http://www.oldradioworld.com/media/Vintage Commercials Old Spice.mp3
 http://www.oldradioworld.com/media/Vintage Commercials Olga Coal.mp3
 http://www.oldradioworld.com/media/Vintage Commercials Ovaltine.mp3
 http://www.oldradioworld.com/media/Vintage Commercials Pabst Blue Ribbon Beer.mp3
 http://www.oldradioworld.com/media/Vintage Commercials Paramount Studios Love Thy Neighbor.mp3
 http://www.oldradioworld.com/media/Vintage Commercials Patti Cake Cookies.mp3
 http://www.oldradioworld.com/media/Vintage Commercials Pepsi.mp3
 http://www.oldradioworld.com/media/Vintage Commercials Pepsi Cola.mp3
 http://www.oldradioworld.com/media/Vintage Commercials Pepsi Commercial.mp3
 http://www.oldradioworld.com/media/Vintage Commercials Pepsodent.mp3
 http://www.oldradioworld.com/media/Vintage Commercials Perfect Circle Piston Rings.mp3
 http://www.oldradioworld.com/media/Vintage Commercials Philip Morris Cigarettes.mp3
 http://www.oldradioworld.com/media/Vintage Commercials Polmolive Soap.mp3
 http://www.oldradioworld.com/media/Vintage Commercials Pontiac.mp3
 http://www.oldradioworld.com/media/Vintage Commercials Popcicle.mp3
 http://www.oldradioworld.com/media/Vintage Commercials Post Toasties.mp3
 http://www.oldradioworld.com/media/Vintage Commercials Postum.mp3
 http://www.oldradioworld.com/media/Vintage Commercials Quaker.mp3
 http://www.oldradioworld.com/media/Vintage Commercials Quaker Puffs.mp3
 http://www.oldradioworld.com/media/Vintage Commercials Radio Promo.mp3
 http://www.oldradioworld.com/media/Vintage Commercials Reynolds Aluminum.mp3
 http://www.oldradioworld.com/media/Vintage Commercials Rheingold Beer.mp3
 http://www.oldradioworld.com/media/Vintage Commercials Rice A Roni.mp3
 http://www.oldradioworld.com/media/Vintage Commercials Rice Krispies.mp3
 http://www.oldradioworld.com/media/Vintage Commercials Rinso.mp3
 http://www.oldradioworld.com/media/Vintage Commercials Roitan Cigars.mp3
 http://www.oldradioworld.com/media/Vintage Commercials Rolston Cereal.mp3
 http://www.oldradioworld.com/media/Vintage Commercials Roy Rogers Quick Shooter Hat.mp3
 http://www.oldradioworld.com/media/Vintage Commercials Salem Cigarettes.mp3
 http://www.oldradioworld.com/media/Vintage Commercials Salhapatica.mp3
 http://www.oldradioworld.com/media/Vintage Commercials Schaefer Beer.mp3
 http://www.oldradioworld.com/media/Vintage Commercials Schlitz Beer.mp3
 http://www.oldradioworld.com/media/Vintage Commercials Signal Gasoline.mp3
 http://www.oldradioworld.com/media/Vintage Commercials Skelly Oil Company.mp3
 http://www.oldradioworld.com/media/Vintage Commercials Starkist Tuna.mp3
 http://www.oldradioworld.com/media/Vintage Commercials Studebaker Lark.mp3
 http://www.oldradioworld.com/media/Vintage Commercials Sturdy Dog Food.mp3
 http://www.oldradioworld.com/media/Vintage Commercials Tempo Cigarettes.mp3
 http://www.oldradioworld.com/media/Vintage Commercials Ting Pimple Cream.mp3
 http://www.oldradioworld.com/media/Vintage Commercials Tootsie Roll Pops.mp3
 http://www.oldradioworld.com/media/Vintage Commercials Top Value Stamps.mp3
 http://www.oldradioworld.com/media/Vintage Commercials Va Terberculosis.mp3
 http://www.oldradioworld.com/media/Vintage Commercials Velveeta.mp3
 http://www.oldradioworld.com/media/Vintage Commercials Vimms Vitamins.mp3
 http://www.oldradioworld.com/media/Vintage Commercials Wheaties Cereal.mp3
 http://www.oldradioworld.com/media/Vintage Commercials White King Soap.mp3
 http://www.oldradioworld.com/media/Vintage Commercials Wild Root Cream Oil.mp3
 http://www.oldradioworld.com/media/Vintage Commercials Wing Cigarettes.mp3
 http://www.oldradioworld.com/media/Vintage Commercials Winston Cigarettes.mp3
 http://www.oldradioworld.com/media/Vintage Commercials Winston Cigarettes Flinstones 2.mp3
 http://www.oldradioworld.com/media/Vintage Commercials Winston Cigarettes Flintstones.mp3
 https://archive.org/download/RadioCommercialsShows/ALKASELTZER.mp3
 https://archive.org/download/RadioCommercialsShows/ANCHORHOCKING.mp3
 https://archive.org/download/RadioCommercialsShows/ARIDDEODERANT.mp3
 https://archive.org/download/RadioCommercialsShows/BEECHNUTCHEWINGGUM.mp3
 https://archive.org/download/RadioCommercialsShows/BRISKTOOTHPASTE.mp3
 https://archive.org/download/RadioCommercialsShows/BROMOQUININE.mp3
 https://archive.org/download/RadioCommercialsShows/BROMOSELTZER.mp3
 https://archive.org/download/RadioCommercialsShows/BUDWEISER.mp3
 https://archive.org/download/RadioCommercialsShows/CAMELCIGARETTES.mp3
 https://archive.org/download/RadioCommercialsShows/CAMPBELLSOUP.mp3
 https://archive.org/download/RadioCommercialsShows/CARTERSLITTLELIVERPILLS.mp3
 https://archive.org/download/RadioCommercialsShows/CHESTERFIELDCIGARETTES.mp3
 https://archive.org/download/RadioCommercialsShows/CHEVEROLET.mp3
 https://archive.org/download/RadioCommercialsShows/CHIQUITABANANNA.mp3
 https://archive.org/download/RadioCommercialsShows/COLGATESHAVINGCREAM.mp3
 https://archive.org/download/RadioCommercialsShows/COLGATETOOTHPOWDER.mp3
 https://archive.org/download/RadioCommercialsShows/CONTADINATOMATOPASTE.mp3
 https://archive.org/download/RadioCommercialsShows/CREAMOCIGARS.mp3
 https://archive.org/download/RadioCommercialsShows/CREAMOFWHEAT.mp3
 https://archive.org/download/RadioCommercialsShows/CRESTABLANCA.mp3
 https://archive.org/download/RadioCommercialsShows/Commercials.19xx.xx.xx_1957_Chevrolet.mp3
 https://archive.org/download/RadioCommercialsShows/Commercials.19xx.xx.xx_1957_Chevrolet_64kb.mp3
 https://archive.org/download/RadioCommercialsShows/Commercials.19xx.xx.xx_Adam_Hats.mp3
 https://archive.org/download/RadioCommercialsShows/Commercials.19xx.xx.xx_Admiral.mp3
 https://archive.org/download/RadioCommercialsShows/Commercials.19xx.xx.xx_Ajax.mp3
 https://archive.org/download/RadioCommercialsShows/Commercials.19xx.xx.xx_Alka_Seltzer.mp3
 https://archive.org/download/RadioCommercialsShows/Commercials.19xx.xx.xx_Alka_Seltzer_Plop_Plop_Fizz_Fizz.mp3
 https://archive.org/download/RadioCommercialsShows/Commercials.19xx.xx.xx_Anacin.mp3
 https://archive.org/download/RadioCommercialsShows/Commercials.19xx.xx.xx_Anchor_Hocking.mp3
 https://archive.org/download/RadioCommercialsShows/Commercials.19xx.xx.xx_Arid_Deoderant.mp3
 https://archive.org/download/RadioCommercialsShows/Commercials.19xx.xx.xx_Carters_Little_Liver_Pills.mp3
 https://archive.org/download/RadioCommercialsShows/Commercials.19xx.xx.xx_Coleman.mp3
 https://archive.org/download/RadioCommercialsShows/Commercials.19xx.xx.xx_Colgate_Shaving_Cream.mp3
 https://archive.org/download/RadioCommercialsShows/Commercials.19xx.xx.xx_Colgatetooth_Powder.mp3
 https://archive.org/download/RadioCommercialsShows/Commercials.19xx.xx.xx_Coney_Island_Penny_Machine.mp3
 https://archive.org/download/RadioCommercialsShows/Commercials.19xx.xx.xx_Coney_Island_Penny_Machine_64kb.mp3
 https://archive.org/download/RadioCommercialsShows/Commercials.19xx.xx.xx_Contadina_Tomato_Paste.mp3
 https://archive.org/download/RadioCommercialsShows/Commercials.19xx.xx.xx_Cream_Of_Wheat.mp3
 https://archive.org/download/RadioCommercialsShows/Commercials.19xx.xx.xx_Creamo_Cigars.mp3
 https://archive.org/download/RadioCommercialsShows/Commercials.19xx.xx.xx_Crest_Toothpaste.mp3
 https://archive.org/download/RadioCommercialsShows/Commercials.19xx.xx.xx_Crestablanca.mp3
 https://archive.org/download/RadioCommercialsShows/Commercials.19xx.xx.xx_Crisco.mp3
 https://archive.org/download/RadioCommercialsShows/Commercials.19xx.xx.xx_Dodge.mp3
 https://archive.org/download/RadioCommercialsShows/Commercials.19xx.xx.xx_Doublemint_Gum.mp3
 https://archive.org/download/RadioCommercialsShows/Commercials.19xx.xx.xx_Dr_Lyons_Tooth_Powder.mp3
 https://archive.org/download/RadioCommercialsShows/Commercials.19xx.xx.xx_Dupont.mp3
 https://archive.org/download/RadioCommercialsShows/Commercials.19xx.xx.xx_Edsel_1958.mp3
 https://archive.org/download/RadioCommercialsShows/Commercials.19xx.xx.xx_Elgin_American.mp3
 https://archive.org/download/RadioCommercialsShows/Commercials.19xx.xx.xx_Energine_Shoe_White.mp3
 https://archive.org/download/RadioCommercialsShows/Commercials.19xx.xx.xx_Exlax.mp3
 https://archive.org/download/RadioCommercialsShows/Commercials.19xx.xx.xx_Fatima_Cigarettes.mp3
 https://archive.org/download/RadioCommercialsShows/Commercials.19xx.xx.xx_Fitch.mp3
 https://archive.org/download/RadioCommercialsShows/Commercials.19xx.xx.xx_Ford.mp3
 https://archive.org/download/RadioCommercialsShows/Commercials.19xx.xx.xx_Frankenstein.mp3
 https://archive.org/download/RadioCommercialsShows/Commercials.19xx.xx.xx_Fritos_Corn_Chips.mp3
 https://archive.org/download/RadioCommercialsShows/Commercials.19xx.xx.xx_Gellete_Blue_Blades.mp3
 https://archive.org/download/RadioCommercialsShows/Commercials.19xx.xx.xx_Gem_Blades.mp3
 https://archive.org/download/RadioCommercialsShows/Commercials.19xx.xx.xx_Gillette_Blades_2.mp3
 https://archive.org/download/RadioCommercialsShows/Commercials.19xx.xx.xx_Glocoat_Wax.mp3
 https://archive.org/download/RadioCommercialsShows/Commercials.19xx.xx.xx_Gm_Guardian_Maintenance.mp3
 https://archive.org/download/RadioCommercialsShows/Commercials.19xx.xx.xx_Good_n_Plenty_Choo_Choo_Charlie.mp3
 https://archive.org/download/RadioCommercialsShows/Commercials.19xx.xx.xx_Good_n_Plenty_Choo_Choo_Charlie_64kb.mp3
 https://archive.org/download/RadioCommercialsShows/Commercials.19xx.xx.xx_Goodyear_Life_Guard_Tires.mp3
 https://archive.org/download/RadioCommercialsShows/Commercials.19xx.xx.xx_Goodyear_Rubber_Cement.mp3
 https://archive.org/download/RadioCommercialsShows/Commercials.19xx.xx.xx_Groves_Nose_Drops.mp3
 https://archive.org/download/RadioCommercialsShows/Commercials.19xx.xx.xx_Haleysmo.mp3
 https://archive.org/download/RadioCommercialsShows/Commercials.19xx.xx.xx_Hallo_Shampoo.mp3
 https://archive.org/download/RadioCommercialsShows/Commercials.19xx.xx.xx_Happy_Trails_Roy_Rogers.mp3
 https://archive.org/download/RadioCommercialsShows/Commercials.19xx.xx.xx_Household_Finance_Corp.mp3
 https://archive.org/download/RadioCommercialsShows/Commercials.19xx.xx.xx_Ingram_Gasoline.mp3
 https://archive.org/download/RadioCommercialsShows/Commercials.19xx.xx.xx_International_Sterling.mp3
 https://archive.org/download/RadioCommercialsShows/Commercials.19xx.xx.xx_Ipana_Toothpaste_Bucky_Beaver.mp3
 https://archive.org/download/RadioCommercialsShows/Commercials.19xx.xx.xx_Ironized_Yeast.mp3
 https://archive.org/download/RadioCommercialsShows/Commercials.19xx.xx.xx_Ivory_Soap.mp3
 https://archive.org/download/RadioCommercialsShows/Commercials.19xx.xx.xx_Jello_1955.mp3
 https://archive.org/download/RadioCommercialsShows/Commercials.19xx.xx.xx_Jello_Chocolate_Pudding.mp3
 https://archive.org/download/RadioCommercialsShows/Commercials.19xx.xx.xx_Jergens_Lotion.mp3
 https://archive.org/download/RadioCommercialsShows/Commercials.19xx.xx.xx_Kellogs_Pep.mp3
 https://archive.org/download/RadioCommercialsShows/Commercials.19xx.xx.xx_Ken_L_Ration_Dog_Food.mp3
 https://archive.org/download/RadioCommercialsShows/Commercials.19xx.xx.xx_Kent_Cigarettes.mp3
 https://archive.org/download/RadioCommercialsShows/Commercials.19xx.xx.xx_Lava.mp3
 https://archive.org/download/RadioCommercialsShows/Commercials.19xx.xx.xx_Lifebouy_Health_Soap_1948.mp3
 https://archive.org/download/RadioCommercialsShows/Commercials.19xx.xx.xx_Lifebouy_Soap.mp3
 https://archive.org/download/RadioCommercialsShows/Commercials.19xx.xx.xx_Lowenbrau_Beer.mp3
 https://archive.org/download/RadioCommercialsShows/Commercials.19xx.xx.xx_Lucky_Beer.mp3
 https://archive.org/download/RadioCommercialsShows/Commercials.19xx.xx.xx_Lucky_Strike_Cigarettes.mp3
 https://archive.org/download/RadioCommercialsShows/Commercials.19xx.xx.xx_Luster_Cream.mp3
 https://archive.org/download/RadioCommercialsShows/Commercials.19xx.xx.xx_Lux_Toilet_Soap.mp3
 https://archive.org/download/RadioCommercialsShows/Commercials.19xx.xx.xx_March_Of_Dimes.mp3
 https://archive.org/download/RadioCommercialsShows/Commercials.19xx.xx.xx_Marlboro.mp3
 https://archive.org/download/RadioCommercialsShows/Commercials.19xx.xx.xx_Marlboro_64kb.mp3
 https://archive.org/download/RadioCommercialsShows/Commercials.19xx.xx.xx_Maxwellhouse_Coffee.mp3
 https://archive.org/download/RadioCommercialsShows/Commercials.19xx.xx.xx_Mayfield_Cigarettes.mp3
 https://archive.org/download/RadioCommercialsShows/Commercials.19xx.xx.xx_Miller_Beer.mp3
 https://archive.org/download/RadioCommercialsShows/Commercials.19xx.xx.xx_Movie_Intermission.mp3
 https://archive.org/download/RadioCommercialsShows/Commercials.19xx.xx.xx_Mr_Clean_Mr_Clean.mp3
 https://archive.org/download/RadioCommercialsShows/Commercials.19xx.xx.xx_Mr_Clean_Mr_Clean_64kb.mp3
 https://archive.org/download/RadioCommercialsShows/Commercials.19xx.xx.xx_N_E_S_T_L_E_S.mp3
 https://archive.org/download/RadioCommercialsShows/Commercials.19xx.xx.xx_N_E_S_T_L_E_S_64kb.mp3
 https://archive.org/download/RadioCommercialsShows/Commercials.19xx.xx.xx_Nabisco.mp3
 https://archive.org/download/RadioCommercialsShows/Commercials.19xx.xx.xx_Nash_Automobiles.mp3
 https://archive.org/download/RadioCommercialsShows/Commercials.19xx.xx.xx_Nescafe.mp3
 https://archive.org/download/RadioCommercialsShows/Commercials.19xx.xx.xx_Northwestorient_Airlines.mp3
 https://archive.org/download/RadioCommercialsShows/Commercials.19xx.xx.xx_Old_Spice.mp3
 https://archive.org/download/RadioCommercialsShows/Commercials.19xx.xx.xx_Olga_Coal.mp3
 https://archive.org/download/RadioCommercialsShows/Commercials.19xx.xx.xx_Ovaltine.mp3
 https://archive.org/download/RadioCommercialsShows/Commercials.19xx.xx.xx_Pabst_Blue_Ribbon_Beer.mp3
 https://archive.org/download/RadioCommercialsShows/Commercials.19xx.xx.xx_Patti_Cake_Cookies.mp3
 https://archive.org/download/RadioCommercialsShows/Commercials.19xx.xx.xx_Pepsi.mp3
 https://archive.org/download/RadioCommercialsShows/Commercials.19xx.xx.xx_Pepsi_Cola.mp3
 https://archive.org/download/RadioCommercialsShows/Commercials.19xx.xx.xx_Pepsi_Commercial.mp3
 https://archive.org/download/RadioCommercialsShows/Commercials.19xx.xx.xx_Pepsi_Commercial_64kb.mp3
 https://archive.org/download/RadioCommercialsShows/Commercials.19xx.xx.xx_Pepsodent.mp3
 https://archive.org/download/RadioCommercialsShows/Commercials.19xx.xx.xx_Perfect_Circle_Piston_Rings.mp3
 https://archive.org/download/RadioCommercialsShows/Commercials.19xx.xx.xx_Philip_Morris_Cigarettes.mp3
 https://archive.org/download/RadioCommercialsShows/Commercials.19xx.xx.xx_Polmolive_Soap.mp3
 https://archive.org/download/RadioCommercialsShows/Commercials.19xx.xx.xx_Pontiac.mp3
 https://archive.org/download/RadioCommercialsShows/Commercials.19xx.xx.xx_Popcicle.mp3
 https://archive.org/download/RadioCommercialsShows/Commercials.19xx.xx.xx_Post_Toasties.mp3
 https://archive.org/download/RadioCommercialsShows/Commercials.19xx.xx.xx_Postum.mp3
 https://archive.org/download/RadioCommercialsShows/Commercials.19xx.xx.xx_Quaker.mp3
 https://archive.org/download/RadioCommercialsShows/Commercials.19xx.xx.xx_Quaker_Puffs.mp3
 https://archive.org/download/RadioCommercialsShows/Commercials.19xx.xx.xx_Radio_Promo.mp3
 https://archive.org/download/RadioCommercialsShows/Commercials.19xx.xx.xx_Reynolds_Aluminum.mp3
 https://archive.org/download/RadioCommercialsShows/Commercials.19xx.xx.xx_Rheingold_Beer.mp3
 https://archive.org/download/RadioCommercialsShows/Commercials.19xx.xx.xx_Rice_A_Roni.mp3
 https://archive.org/download/RadioCommercialsShows/Commercials.19xx.xx.xx_Rice_Krispies.mp3
 https://archive.org/download/RadioCommercialsShows/Commercials.19xx.xx.xx_Rinso.mp3
 https://archive.org/download/RadioCommercialsShows/Commercials.19xx.xx.xx_Roitan_Cigars.mp3
 https://archive.org/download/RadioCommercialsShows/Commercials.19xx.xx.xx_Rolston_Cereal.mp3
 https://archive.org/download/RadioCommercialsShows/Commercials.19xx.xx.xx_Roy_Rogers_Quick_Shooter_Hat.mp3
 https://archive.org/download/RadioCommercialsShows/Commercials.19xx.xx.xx_Salem_Cigarettes.mp3
 https://archive.org/download/RadioCommercialsShows/Commercials.19xx.xx.xx_Salhapatica.mp3
 https://archive.org/download/RadioCommercialsShows/Commercials.19xx.xx.xx_Schaefer_Beer.mp3
 https://archive.org/download/RadioCommercialsShows/Commercials.19xx.xx.xx_Schlitz_Beer.mp3
 https://archive.org/download/RadioCommercialsShows/Commercials.19xx.xx.xx_Signal_Gasoline.mp3
 https://archive.org/download/RadioCommercialsShows/Commercials.19xx.xx.xx_Skelly_Oil_Company.mp3
 https://archive.org/download/RadioCommercialsShows/Commercials.19xx.xx.xx_Starkist_Tuna.mp3
 https://archive.org/download/RadioCommercialsShows/Commercials.19xx.xx.xx_Studebaker_Lark.mp3
 https://archive.org/download/RadioCommercialsShows/Commercials.19xx.xx.xx_Sturdy_Dog_Food.mp3
 https://archive.org/download/RadioCommercialsShows/Commercials.19xx.xx.xx_Tempo_Cigarettes.mp3
 https://archive.org/download/RadioCommercialsShows/Commercials.19xx.xx.xx_Ting_Pimple_Cream.mp3
 https://archive.org/download/RadioCommercialsShows/Commercials.19xx.xx.xx_Tootsie_Roll_Pops.mp3
 https://archive.org/download/RadioCommercialsShows/Commercials.19xx.xx.xx_Top_Value_Stamps.mp3
 https://archive.org/download/RadioCommercialsShows/Commercials.19xx.xx.xx_VA_Terberculosis.mp3
 https://archive.org/download/RadioCommercialsShows/Commercials.19xx.xx.xx_Velveeta.mp3
 https://archive.org/download/RadioCommercialsShows/Commercials.19xx.xx.xx_Vimms_Vitamins.mp3
 https://archive.org/download/RadioCommercialsShows/Commercials.19xx.xx.xx_Wheaties_Cereal.mp3
 https://archive.org/download/RadioCommercialsShows/Commercials.19xx.xx.xx_White_King_Soap.mp3
 https://archive.org/download/RadioCommercialsShows/Commercials.19xx.xx.xx_Wild_Root_Cream_Oil.mp3
 https://archive.org/download/RadioCommercialsShows/Commercials.19xx.xx.xx_Wing_Cigarettes.mp3
 https://archive.org/download/RadioCommercialsShows/Commercials.19xx.xx.xx_Winston_Cigarettes.mp3
 https://archive.org/download/RadioCommercialsShows/Commercials.19xx.xx.xx_Winston_Cigarettes_Flinstones_2.mp3
 https://archive.org/download/RadioCommercialsShows/Commercials.19xx.xx.xx_Winston_Cigarettes_Flintstones.mp3
 https://archive.org/download/RadioCommercialsShows/DRLYONSTOOTHPOWDER.mp3
 https://archive.org/download/RadioCommercialsShows/ELGINAMERICAN.mp3
 https://archive.org/download/RadioCommercialsShows/ENERGINESHOEWHITE.mp3
 https://archive.org/download/RadioCommercialsShows/FATIMACIGARETTES.mp3
 https://archive.org/download/RadioCommercialsShows/GEMBLADES.mp3
 https://archive.org/download/RadioCommercialsShows/GLOCOATWAX.mp3
 https://archive.org/download/RadioCommercialsShows/GMGARDIANMAINTENANCE.mp3
 https://archive.org/download/RadioCommercialsShows/GOODYEARLIFEGUARDTIRES.mp3
 https://archive.org/download/RadioCommercialsShows/GOODYEARRUBBERCEMENT.mp3
 https://archive.org/download/RadioCommercialsShows/GROVESNOSEDROPS.mp3
 https://archive.org/download/RadioCommercialsShows/HALLOSHAMPOO.mp3
 https://archive.org/download/RadioCommercialsShows/HOUSEHOLDFINANCECORP.mp3
 https://archive.org/download/RadioCommercialsShows/INGRAMGASOLINE.mp3
 https://archive.org/download/RadioCommercialsShows/INTERNATIONALSTERLING.mp3
 https://archive.org/download/RadioCommercialsShows/IRONIZEDYEAST.mp3
 https://archive.org/download/RadioCommercialsShows/IVORYSOAP.mp3
 https://archive.org/download/RadioCommercialsShows/JELLO1955.mp3
 https://archive.org/download/RadioCommercialsShows/JELLOCHOCOLATEPUDDING.mp3
 https://archive.org/download/RadioCommercialsShows/JERGENSLOTION.mp3
 https://archive.org/download/RadioCommercialsShows/KELLOGSPEP.mp3
 https://archive.org/download/RadioCommercialsShows/LIFEBOUYHEALTHSOAP1948.mp3
 https://archive.org/download/RadioCommercialsShows/LIFEBOUYSOAP.mp3
 https://archive.org/download/RadioCommercialsShows/LUCKYBEER.mp3
 https://archive.org/download/RadioCommercialsShows/LUCKYSTRIKECIGARETTES.mp3
 https://archive.org/download/RadioCommercialsShows/LUSTERCREAM.mp3
 https://archive.org/download/RadioCommercialsShows/LUXTOILETSOAP.mp3
 https://archive.org/download/RadioCommercialsShows/MARCHOFDIMES.mp3
 https://archive.org/download/RadioCommercialsShows/MAXWELLHOUSECOFFEE.mp3
 https://archive.org/download/RadioCommercialsShows/MAYFIELDCIGARETTES.mp3
 https://archive.org/download/RadioCommercialsShows/NASHAUTOMOBILES.mp3
 https://archive.org/download/RadioCommercialsShows/NORTHWESTORIENTAIRLINES.mp3
 https://archive.org/download/RadioCommercialsShows/PABSTBLUERIBBONBEER.mp3
 https://archive.org/download/RadioCommercialsShows/PATTICAKECOOKIES.mp3
 https://archive.org/download/RadioCommercialsShows/PEPSICOLA.mp3
 https://archive.org/download/RadioCommercialsShows/PEPSODENT.mp3
 https://archive.org/download/RadioCommercialsShows/PERFECTCIRCLEPISTONRINGS.mp3
 https://archive.org/download/RadioCommercialsShows/PHILIPMORRISCIGARETTES.mp3
 https://archive.org/download/RadioCommercialsShows/POLMOLIVESOAP.mp3
 https://archive.org/download/RadioCommercialsShows/POSTTOASTIES.mp3
 https://archive.org/download/RadioCommercialsShows/QUAKERPUFFS.mp3
 https://archive.org/download/RadioCommercialsShows/RADIOPROMO.mp3
 https://archive.org/download/RadioCommercialsShows/REYNOLDSALUMINUM.mp3
 https://archive.org/download/RadioCommercialsShows/ROITANCIGARS.mp3
 https://archive.org/download/RadioCommercialsShows/ROLSTONCEREAL.mp3
 https://archive.org/download/RadioCommercialsShows/SALHAPATICA.mp3
 https://archive.org/download/RadioCommercialsShows/SIGNALGASOLINE.mp3
 https://archive.org/download/RadioCommercialsShows/SKELLYOILCOMPANY.mp3
 https://archive.org/download/RadioCommercialsShows/STUDEBAKERLARK.mp3
 https://archive.org/download/RadioCommercialsShows/STURDYDOGFOOD.mp3
 https://archive.org/download/RadioCommercialsShows/TEMPOCIGARETTES.mp3
 https://archive.org/download/RadioCommercialsShows/TINGPIMPLECREAM.mp3
 https://archive.org/download/RadioCommercialsShows/TOPVALUESTAMPS.mp3
 https://archive.org/download/RadioCommercialsShows/VATURBERCULOSIS.mp3
 https://archive.org/download/RadioCommercialsShows/VIMMSVITAMINS.mp3
 https://archive.org/download/RadioCommercialsShows/WHEATIESCEREAL.mp3
 https://archive.org/download/RadioCommercialsShows/WHITEKINGSOAP.mp3
 https://archive.org/download/RadioCommercialsShows/WILDROOTCREAMOIL.mp3
 https://archive.org/download/RadioCommercialsShows/WINGCIGARETTES.mp3
 https://archive.org/download/RadioCommercialsShows/WINSTONCIGARETTES.mp3
