 https://archive.org/download/1938RadioNews/1938-02-03-NBCB-March-Of-Time.mp3
 https://archive.org/download/1938RadioNews/1938-02-10-CBS-The-March-Of-Time.mp3
 https://archive.org/download/1938RadioNews/1938-02-10-NBCB-March-Of-Time.mp3
 https://archive.org/download/1938RadioNews/1938-02-17-NBC-Story-Behind-The-Headlines---Appeasement-Marches-On.mp3
 https://archive.org/download/1938RadioNews/1938-02-21-MBS-John-Steele-On-Nazis.mp3
 https://archive.org/download/1938RadioNews/1938-02-22-Gov-A-Harry-Moore-Speaks-During-National-Defense-Week.mp3
 https://archive.org/download/1938RadioNews/1938-03-04-MBS-Raymond-Graham-Swing-On-Russia-And-Germany.mp3
 https://archive.org/download/1938RadioNews/1938-03-04-MBS-Raymond-Graham-Swing-On-World-Events.mp3
 https://archive.org/download/1938RadioNews/1938-03-04-MBS-Raymond-Gram-Swing-End-of-two-trials-Niemoller-and-the-old-Bolsheviks.mp3
 https://archive.org/download/1938RadioNews/1938-03-11-BBC-Reports-Resignation-Of-Austrian-Chancellor-Kurt-von-Schuschnigg.mp3
 https://archive.org/download/1938RadioNews/1938-03-13-CBS-World-News-Roundup-Austrian-Invasion.mp3
 https://archive.org/download/1938RadioNews/1938-03-13-CBS-World-News-Roundup.mp3
 https://archive.org/download/1938RadioNews/1938-03-23-Radio-Coloniale-France-Interval-signal-ID.mp3
 https://archive.org/download/1938RadioNews/1938-04-30-BBC-Winston-Churchill---To-The-Royal-Academy-Of-Arts.mp3
 https://archive.org/download/1938RadioNews/1938-05-16-Radio-Prague-News.mp3
 https://archive.org/download/1938RadioNews/1938-05-16-WOR-First-Air-Raid-Drill-in-USA.mp3
 https://archive.org/download/1938RadioNews/1938-05-23-Radio-Berlin-News.mp3
 https://archive.org/download/1938RadioNews/1938-06-xx-Oswald-Mosley-Speaks-To-British-Blackshirts.mp3
 https://archive.org/download/1938RadioNews/1938-07-14-WDGY-Howard-Hughes-at-Wold-Chamberlin-Field.mp3
 https://archive.org/download/1938RadioNews/1938-08-03-MBS-Tribute-To-Irving-Berlin.mp3
 https://archive.org/download/1938RadioNews/1938-08-28-CBS-William-Shirer-In-Berlin-Before-Invasion.mp3
 https://archive.org/download/1938RadioNews/1938-08-28-MBS-Sigrid-Schultz-On-Munich-Conference.mp3
 https://archive.org/download/1938RadioNews/1938-09-13-MBS-Fulton-Lewis-Czechoslovakia-Declares-Martial-Law.mp3
 https://archive.org/download/1938RadioNews/1938-09-14-BBC-Chamberlain-Offers-To-Meet-Hitler.mp3
 https://archive.org/download/1938RadioNews/1938-09-23-CBS-News.mp3
 https://archive.org/download/1938RadioNews/1938-09-26-BBC-Britain-Begins-to-Prepare-for-War.mp3
 https://archive.org/download/1938RadioNews/1938-09-27-BBC-Chamberlain-Addresses-the-Nation-on-His-Negotiations-for-Peace.mp3
 https://archive.org/download/1938RadioNews/1938-09-27-BBC-Chamberlain-On-Czech-Crisis.mp3
 https://archive.org/download/1938RadioNews/1938-09-27-NBC-Fred-Bates-Reporting.mp3
 https://archive.org/download/1938RadioNews/1938-09-28-BBC-Chamberlain-Before-Munich-Conference.mp3
 https://archive.org/download/1938RadioNews/1938-09-30-BBC-Chamberlain-Returns-from-Munich-with-Anglo-German-Agreement.mp3
 https://archive.org/download/1938RadioNews/1938-09-30-BBC-Neville-Chamberlain-Just-After-Munich-Conference.mp3
 https://archive.org/download/1938RadioNews/1938-09-30-BBC-Neville-Chamberlain-On-His-Return-From-Munich.mp3
 https://archive.org/download/1938RadioNews/1938-09-30-NBC-Max-Jordon-On-Big-Four-Meeting-In-Munich.mp3
 https://archive.org/download/1938RadioNews/1938-10-04-BBC-Ralph-Murray-Reports-From-Prague-After-Invasion.mp3
 https://archive.org/download/1938RadioNews/1938-10-14-NBC-Story-Behind-The-Headlines---Minorities-And-The-Threat-To-World-Peace.mp3
 https://archive.org/download/1938RadioNews/1938-10-16-BBC-Winston-Churchill---We-Must-Arm.mp3
 https://archive.org/download/1938RadioNews/1938-10-21-NBC-Story-Behind-The-Headlines---Great-Britain-And-The-Four-Power-Pact-1.mp3
 https://archive.org/download/1938RadioNews/1938-10-21-NBC-Story-Behind-The-Headlines---Great-Britain-And-The-Four-Power-Pact-2.mp3
 https://archive.org/download/1938RadioNews/1938-xx-xx-BBC-Chamberlain-on-National-Health.mp3
 https://archive.org/download/1938RadioNews/1938-xx-xx-Charles-Lindbergh-Speaks-On-US-Neutrality.mp3
 https://archive.org/download/1938RadioNews/1938-xx-xx-IBC-Radio-Normandie.mp3
 https://archive.org/download/1938RadioNews/1938-xx-xx-Roller-Derby---Omaha-1.mp3
 https://archive.org/download/1938RadioNews/1938-xx-xx-Roller-Derby---Omaha-2.mp3
 https://archive.org/download/news02/1941-12-07_2230_NBCR_Sherlock_Holmes.mp3
 https://archive.org/download/news02/1941-12-07_2300_NBCR_News.mp3
 https://archive.org/download/news02/1941-12-07_2330_NBCR_Round_Table_Discussion.mp3
 https://archive.org/download/news02/1941-12-07_BBC_Alvar_Liddell_Japanese_Attacks_In_The_Pacific.mp3
 https://archive.org/download/news02/1941-12-07_BBC_Washington_Reaction_To_Pearl_Harbor_Attack.mp3
 https://archive.org/download/news02/1941-12-07_CBS_Analysis_Of_Attack_On_Pearl_Harbor_And_Manill.mp3
 https://archive.org/download/news02/1941-12-07_CBS_Attempts_To_Call_Honolulu.mp3
 https://archive.org/download/news02/1941-12-07_CBS_Football_Broadcast_-_War_Bulletin.mp3
 https://archive.org/download/news02/1941-12-07_CBS_John_Charles_Daly_Reports_Pearl_Harbor_Attack.mp3
 https://archive.org/download/news02/1941-12-07_CBS_NY_Philharmonic_Concert_-_War_Bulletins.mp3
 https://archive.org/download/news02/1941-12-07_CBS_World_News_Today.mp3
 https://archive.org/download/news02/1941-12-07_MBS_Bulletin_Interrupts_Football_Game.mp3
 https://archive.org/download/news02/1941-12-07_MBS_Bulletin_Interrupts_Football_Game_64kb.mp3
 https://archive.org/download/news02/1941-12-07_MBS_Bulletin_Interrupts_Football_Game_vbr.mp3
 https://archive.org/download/news02/1941-12-07_MBS_Flash_UPI_Bulletin_Reports_Attack_On_Pearl_Ha.mp3
 https://archive.org/download/news02/1941-12-07_NBC_American_Legion_Special_Defense_Message.mp3
 https://archive.org/download/news02/1941-12-07_NBC_News_Bulletins.mp3
 https://archive.org/download/news02/1941-12-07_NHK_Gen_Hideki_Tojo_Declares_War_On_The_Allies.mp3
 https://archive.org/download/news02/1941-12-08_0009_NBCB_Bert_Silan_Reports_Manila_Bombing.mp3
 https://archive.org/download/news02/1941-12-08_0009_NBCB_Bert_Silan_Reports_Manila_Bombing_64kb.mp3
 https://archive.org/download/news02/1941-12-08_0009_NBCB_Bert_Silan_Reports_Manila_Bombing_vbr.mp3
 https://archive.org/download/news02/1941-12-08_0100_NBCR_News_and_Music.mp3
 https://archive.org/download/news02/1941-12-08_1045_NBCB_Familar_Melodies.mp3
 https://archive.org/download/news02/1941-12-08_1100_NBCR_Story_Of_Mary_Marlin.mp3
 https://archive.org/download/news02/1941-12-08_1150_CBS_Joint_Congress_Session_-_Declaration_Of.mp3
 https://archive.org/download/news02/1941-12-08_1345_NBCR_News_Bert_Silan_And_Upton_Close.mp3
 https://archive.org/download/news02/1941-12-08_2130_NBCB_News.mp3
 https://archive.org/download/news02/1941-12-08_BBC_Wilfred_Pickles_On_Far_East_Attacks.mp3
 https://archive.org/download/news02/1941-12-08_BBC_Winston_Churchill_-_War_With_Japan.mp3
 https://archive.org/download/news02/1941-12-08_CBS_Albert_Warner_Comments_On_Declaration_Of_War.mp3
 https://archive.org/download/news02/1941-12-08_CBS_Albert_Warner_Comments_On_Declaration_Of_War_64kb.mp3
 https://archive.org/download/news02/1941-12-08_CBS_Ford_Wilkins_In_Manila.mp3
 https://archive.org/download/news02/1941-12-08_CBS_News.mp3
 https://archive.org/download/news02/1941-12-08_NBCR_News_With_John_W_Vandercook.mp3
 https://archive.org/download/news02/1941-12-09_CBS_World_News_Today.mp3
 https://archive.org/download/news02/1941-12-09_FDR_Fireside_Chat.mp3
 https://archive.org/download/news02/1941-12-10_CBS_John_Daly_Bulletin_On_Japanese_Attacks_In_Phi.mp3
 https://archive.org/download/news02/1941-12-10_CBS_John_Daly_Bulletin_On_Japanese_Attacks_In_Phi_64kb.mp3
 https://archive.org/download/news02/1941-12-10_CBS_John_Daly_Bulletin_On_Japanese_Attacks_In_Phi_vbr.mp3
 https://archive.org/download/news02/1941-12-10_CBS_Three_Front_War_Summary.mp3
 https://archive.org/download/news02/1941-12-11_CBS_Congress_Declares_War_On_Germany.mp3
 https://archive.org/download/news02/1941-12-11_EIAR_Benito_Mussolini_-_Discorso.mp3
 https://archive.org/download/news02/1941-12-11_EIAR_Dichiarazione_di_Guerra_agli_USA.mp3
 https://archive.org/download/news02/1941-12-11_EIAR_Dichiarazione_di_Guerra_agli_USA_64kb.mp3
 https://archive.org/download/news02/1941-12-11_NBC_March_of_Time_Pearl_Harbor.mp3
 https://archive.org/download/news02/1941-12-23_Fall_Of_Wake_Island.mp3
 https://archive.org/download/news02/1941-12-24_BBC_Winston_Churchill_-_The_White_House_Christmas.mp3
 https://archive.org/download/news02/1941-12-24_FDR_Christmas_Broadcast.mp3
 https://archive.org/download/news02/1941-12-24_MBS_White_House_Christmas_Tree_Ceremony.mp3
 https://archive.org/download/news02/1941-12-26_BBC_Winston_Churchill_-_Address_To_Congress.mp3
 https://archive.org/download/news02/1941-12-28_RSH_Lord_Haw_Haw_-_Germany_Calling_Part_1.mp3
 https://archive.org/download/news02/1941-12-28_RSH_Lord_Haw_Haw_-_Germany_Calling_Part_2.mp3
 https://archive.org/download/news02/1941-xx-xx_California_Governor_Olson_On_Japanese_Residents.mp3
 https://archive.org/download/news02/1941-xx-xx_Charles_Lindbergh_On_US_Non-Intervention.mp3
 https://archive.org/download/news02/1942-01-06_NBC_FDR_State_of_the_Union.mp3
 https://archive.org/download/news02/1942-02-11_CBS_News_Of_The_World.mp3
 https://archive.org/download/news02/1942-02-15_BBC_Winston_Churchill_-_Reviews_Atlantic_Charter.mp3
 https://archive.org/download/news02/1942-02-15_NHK_Japanese_Victory_Over_Singapore.mp3
 https://archive.org/download/news02/1942-02-25_CBS_News_Of_The_World.mp3
 https://archive.org/download/news02/1942-04-20_CBS_Mobil_Gas_News_Service.mp3
 https://archive.org/download/news02/1942-04-29_NHK_Station_DEBUNK_-_Sign-On.mp3
 https://archive.org/download/news02/1942-05-07_KZRH_Gen_Wainwright_Broadcasts_Surrender_Of_Corre.mp3
 https://archive.org/download/news02/1942-05-10_BBC_Winston_Churchill_-_Prime_Minister_For_Two_Ye.mp3
 https://archive.org/download/news01/37-05-06_HindenbergDisaster_HerbMorrison.mp3
 https://archive.org/download/news01/38-03-04_RussiaAndGermanyR.Graham.mp3
 https://archive.org/download/news01/38-03-13_CBS_WorldNewsRoundup.mp3
 https://archive.org/download/news01/38-08-28_BerlinbeforeInvasionShirer.mp3
 https://archive.org/download/news01/39-03-08_BBC_Gas_Mask_Drill.mp3
 https://archive.org/download/news01/39-08-27HitlersDemands.mp3
 https://archive.org/download/news01/39-08-28LondonbeforeWarMurrow.mp3
 https://archive.org/download/news01/39-08-28_CBS_EuropeanWarCrisis.mp3
 https://archive.org/download/news01/39-09-01_BBC_Evacuation_of_London.mp3
 https://archive.org/download/news01/39-09-02ChamberlainDeclaresWar.mp3
 https://archive.org/download/news01/39-09-03_BBC_PM_Chamberlain_Declaration_of_War.mp3
 https://archive.org/download/news01/39-09-07fromBerlinWm.Shirer.mp3
 https://archive.org/download/news01/39-09-10_BBC_Evacuee_Message_to_Parents.mp3
 https://archive.org/download/news01/39-09-22_HVKaltenbornCommentary.mp3
 https://archive.org/download/news01/39-10-13_BBC_Princess_Elizabeth_aged_14.mp3
 https://archive.org/download/news01/39-10-15_BBC_Richard_Dimbleby_By_A_French_Road.mp3
 https://archive.org/download/news01/39-11-11_BBC_Queen_Elizabeth_Fortitude_Of_Women.mp3
 https://archive.org/download/news01/39-12-01_ElmerDavis_RussiaInvadesFinland.mp3
 https://archive.org/download/news01/39-12-18_BBC_Churchill_sinking_of_Graff_Spee.mp3
 https://archive.org/download/news01/40-01-18_CBS_TodayinEurope.mp3
 https://archive.org/download/news01/40-02-27-LordHawHawWmJoyce.mp3
 https://archive.org/download/news01/40-04-09-InvasionDenmarkNorwa.mp3
 https://archive.org/download/news01/40-05-08_BBC_Ed_Murrow_No_confidence_debate_in_Comm1.mp3
 https://archive.org/download/news01/40-05-10-ChamberlainResigns.mp3
 https://archive.org/download/news01/40-05-11_withElmerDavis.mp3
 https://archive.org/download/news01/40-05-13_BBC_Bernard_Stubbs_Advance_into_Belgium.mp3
 https://archive.org/download/news01/40-05-14-EdenAnnSecState4Wa.mp3
 https://archive.org/download/news01/40-05-14_BBC_Anthony_Eden_Sec_Of_State_For_War_LDV_1.mp3
 https://archive.org/download/news01/40-05-14_BBC_CharlesGardner_AttemptStopGermanAdv.mp3
 https://archive.org/download/news01/40-05-19_BBC_Churchills_1st_Speech_as_PM.mp3
 https://archive.org/download/news01/40-05-30_FultonLewisCommentary.mp3
 https://archive.org/download/news01/40-05-31_BBC_Bernard_Stubbs_Trains_Full_of_Evacuate1.mp3
 https://archive.org/download/news01/40-05-31_BBC_Bernard_Stubbs_TroopsFromDunkirk.mp3
 https://archive.org/download/news01/40-06-05-PriestlyonDunkirk.mp3
 https://archive.org/download/news01/40-06-18_BBC_Churchill_Finest_Hour_Speech.mp3
 https://archive.org/download/news01/40-06-21FrenchSurrenderWmShirer.mp3
 https://archive.org/download/news01/40-06-21_CBS-NBC_CoverageofFrenchSurrender.mp3
 https://archive.org/download/news01/40-07-08_BBC_Bill_Herbert_Bombing_of_Caen.mp3
 https://archive.org/download/news01/40-07-14_CharlesGardner_DogfightOverEnglishChannel1.mp3
 https://archive.org/download/news01/40-07-23_World_Today.mp3
 https://archive.org/download/news01/40-07-27_World_Todau.mp3
 https://archive.org/download/news01/40-08-16_news-battleofbritain.mp3
 https://archive.org/download/news01/40-08-19_CBSWARNEWS.mp3
 https://archive.org/download/news01/40-08-24-MurrowOnBlackout.mp3
 https://archive.org/download/news01/40-08-29_CBS_EuropeanWarCrisis.mp3
 https://archive.org/download/news01/40-08_CBS_EuropeanWar.mp3
 https://archive.org/download/news01/40-09-02_Roundup.mp3
 https://archive.org/download/news01/40-09-15_BBC_Alvar_Liddell_175AircraftDestroyed.mp3
 https://archive.org/download/news01/40-09-20DuringBlitzEdw.Murrow.mp3
 https://archive.org/download/news01/40-09-20_Roundup.mp3
 https://archive.org/download/news01/40-10-05_BBC_Robin_Duff_in_air_raid_shelter.mp3
 https://archive.org/download/news01/40-10-27_WorldsFairClosing.mp3
 https://archive.org/download/news01/40-10-xx-EmergServDuringBlitz.mp3
 https://archive.org/download/news01/40-11-15-CoventryLoudspeaker.mp3
 https://archive.org/download/news01/40-11-15_BBC_Coventry_Loudspeaker_Announcement.mp3
 https://archive.org/download/news01/40-11-15_ReverendHoward_Attmp2saveCoventryCath.mp3
 https://archive.org/download/news01/40-12-20_BBC_Robin_Duff_Sees_London_Burning.mp3
 https://archive.org/download/news01/40-12-23_ChurchillsAddressesItalians.mp3
 https://archive.org/download/news01/40-12-31_HerbertMorrison_MessagetoFiremen.mp3
 https://archive.org/download/news01/41-01-05_BBC_Bruce_Belfrage.mp3
 https://archive.org/download/news01/41-01-10_BBC_Alan_Howland.mp3
 https://archive.org/download/news01/41-05-24_BBC_German_announcment_sinking_HMS_Hood.mp3
 https://archive.org/download/news01/41-05-31_BBC_1stSeaLordAVAlexander_SinkingOfBismark.mp3
 https://archive.org/download/news01/41-06-01_ElmerDavis.mp3
 https://archive.org/download/news01/41-06-22_ChurchillOnHitler_GuttersnipeinvRussia.mp3
 https://archive.org/download/news01/41-09-05_BBC_Frank_Phillips.mp3
 https://archive.org/download/news01/41-09-08_BBC_Alvar_Liddell_Air_Raid_on_Berlin.mp3
 https://archive.org/download/news01/41-11-11_BBC_Robert_Dougall_WithConvoyInAtlantic1.mp3
 https://archive.org/download/news01/41-12-07-UnivOfChicagoRoundtable_CanadaAtWar.mp3
 https://archive.org/download/news01/41-12-07SMarloweAndRDBennett_PearlHarbor.mp3
 https://archive.org/download/news01/41-12-07_BBC_AlvarLiddell_AttackOnPearlHarbor.mp3
 https://archive.org/download/news01/41-12-07_CBSAnalysisfPearlHarborAndManillaAttacks.mp3
 https://archive.org/download/news01/41-12-07_CBSAttemptsToCallHonolulu.mp3
 https://archive.org/download/news01/41-12-07_CBSNYPhilharmonic_WarBulletins.mp3
 https://archive.org/download/news01/41-12-07_CBSNews.mp3
 https://archive.org/download/news01/41-12-07_CBSPearlHarbor_JohnCharlesDaly.mp3
 https://archive.org/download/news01/41-12-07_NBC_Honolulu_KGU_Radio_PearlHarbor.mp3
 https://archive.org/download/news01/41-12-07_NBC_NewsBulletins_41-12-08_WarDeclaration.mp3
 https://archive.org/download/news01/41-12-08_BBC_Roosevelt.mp3
 https://archive.org/download/news01/41-12-08_BBC_Wilfred_Pickles_News_on_the_Far_East.mp3
 https://archive.org/download/news01/41-12-11MarchofTimePearlHarbor.mp3
 https://archive.org/download/news01/41-12-26-Churchhill2Congress.mp3
 https://archive.org/download/news01/42-06-04_BBC_Capt_William_Graves_Batle_of_Midway.mp3
 https://archive.org/download/news01/42-06-15_BBC_Giles_Playfair_last_days_of_Singapore.mp3
 https://archive.org/download/news01/42-08-17_BBC_Freddy_Grisewood_Saving_Fuel.mp3
 https://archive.org/download/news01/42-10-01_BBC_Montgomery_to_troops_El_Alemein.mp3
 https://archive.org/download/news01/42-11-01_BBC_Godfrey_Talbot_watches_tanks_at_El_Ale1.mp3
 https://archive.org/download/news01/42-11-04_BBC_Bruce_Belfrage_excellent_news.mp3
 https://archive.org/download/news01/42-11-11_ArmisticeDayCeremony.mp3
 https://archive.org/download/news01/42-12-07OneYearafterPearlHarbor.mp3
 https://archive.org/download/news01/42-12-19_BBC_Godfrey_Talbot_christmas_with_8th_Army.mp3
 https://archive.org/download/news01/42-12-26-RadioDrAdvice4Xmas.mp3
 https://archive.org/download/news01/43-01-09_WorldNewsToday.mp3
 https://archive.org/download/news01/43-02-09_BBC_Paul_Winterton_on_Stalingrad.mp3
 https://archive.org/download/news01/43-02-09_BBC_Robert_Robinson_victory_Stalingrad.mp3
 https://archive.org/download/news01/43-04-18_GabrielHeatter.mp3
 https://archive.org/download/news01/43-05-13_BBC_Frank_Gillard_German_surrender_N_Africa.mp3
 https://archive.org/download/news01/43-06-22_BBC_Cdr_Kimmins_on_invasion_of_Sicily.mp3
 https://archive.org/download/news01/43-07-25_BBC_Maurice_Shillington_Mussolini_Resigns.mp3
 https://archive.org/download/news01/43-07-25_WorldNewsToday.mp3
 https://archive.org/download/news01/43-08-08_WorldNewsToday.mp3
 https://archive.org/download/news01/43-08-17_BBC_Garry_Marsh_Patton_enters_Messines.mp3
 https://archive.org/download/news01/43-08-22_BBC_Frank_Gillard_town_band_in_Lentini.mp3
 https://archive.org/download/news01/43-08-28_John_w_vandercook.mp3
 https://archive.org/download/news01/43-08-28_WorldNewsToday.mp3
 https://archive.org/download/news01/43-08-29_WorldNewsToday.mp3
 https://archive.org/download/news01/43-09-03_BBC_In_a_Lancaster_over_Berlin.mp3
 https://archive.org/download/news01/43-09-03_BBC_Mongomery_announces_landings_in_Italy.mp3
 https://archive.org/download/news01/43-09-19_WorldNewsToday.mp3
 https://archive.org/download/news01/43-09-26_WorldNewsToday.mp3
 https://archive.org/download/news01/43-10-13_BBC_FreddyGrisewood_ItalyAtWarWithGermany.mp3
 https://archive.org/download/news01/43-11-03_Daytime_Radio_Newspaper.mp3
 https://archive.org/download/news01/43-12-03_BombingRunEdwMurrow.mp3
 https://archive.org/download/news01/43-12-06_BBC_Freddy_Grisewood_TehranGreat_Powers_meeting.mp3
 https://archive.org/download/news01/44-01-26_BBC_Wynford_Vaughn-Thomas_Anzio.mp3
 https://archive.org/download/news01/44-02-20_World_News_Today.mp3
 https://archive.org/download/news01/44-02-27_World_News_Today.mp3
 https://archive.org/download/news01/44-02-29_Crisco_Radio_News.mp3
 https://archive.org/download/news01/44-03-05_World_News_Today.mp3
 https://archive.org/download/news01/44-03-12_World_News_Today.mp3
 https://archive.org/download/news01/44-03-19_World_News_Today.mp3
 https://archive.org/download/news01/44-03-26_BBC_Churchill_on_Allied_Victories.mp3
 https://archive.org/download/news01/44-03-26_World_News_Today.mp3
 https://archive.org/download/news01/44-03-31_BBC_Wynford_Vaughn-Thomas.mp3
 https://archive.org/download/news01/44-04-02_World_News_Today.mp3
 https://archive.org/download/news01/44-04-20_BBC_WynfordVaughnThomas_SpringtimeAnzio.mp3
 https://archive.org/download/news01/44-05-05_BBC_Richard_Dimbleby_watches_airborne_troops.mp3
 https://archive.org/download/news01/44-05-13_Skelly_News_of_the_World.mp3
 https://archive.org/download/news01/44-05-17_BBC_Godfrey_Talbot_in_Monte_Cassino.mp3
 https://archive.org/download/news01/44-06-03_BBC_Robin_Duff_on_sealed_ship.mp3
 https://archive.org/download/news01/44-06-04_BBC_Frank_Gillard_on_build_up_to_D-Day.mp3
 https://archive.org/download/news01/44-06-05_BBC_Rome_Welcomes_the_Allies.mp3
 https://archive.org/download/news01/44-06-06_430pm.mp3
 https://archive.org/download/news01/44-06-06_BBC_Alan_Melville_Sees_Paratroops.mp3
 https://archive.org/download/news01/44-06-06_BBC_Chester_Willmot_in_glider.mp3
 https://archive.org/download/news01/44-06-06_BBC_Chester_Willmot_sees_gliders.mp3
 https://archive.org/download/news01/44-06-06_BBC_Colin_Wills_Lands_with_Infantry.mp3
 https://archive.org/download/news01/44-06-06_BBC_Eisenhower_to_Western_Europe.mp3
 https://archive.org/download/news01/44-06-06_BBC_John_Snagge_D-Day_has_come.mp3
 https://archive.org/download/news01/44-06-06_BBC_Robin_Duff_mid-channel_to_Normandy.mp3
 https://archive.org/download/news01/44-06-06_CBSD-DAYNEWS.mp3
 https://archive.org/download/news01/44-06-06_CRISCONEWSD-Day.mp3
 https://archive.org/download/news01/44-06-06_CrossCountryReactionToD-Day.mp3
 https://archive.org/download/news01/44-06-06_D-DayShipAttack.mp3
 https://archive.org/download/news01/44-06-07D-DayKalmerQuincyHowe.mp3
 https://archive.org/download/news01/44-06-07KateSmithPrayerforOurTroops.mp3
 https://archive.org/download/news01/44-06-08_BBC_Guy_Byam_parachutes_into_France.mp3
 https://archive.org/download/news01/44-06-08_BBC_MichaelStanding_OnFrenchCivilians.mp3
 https://archive.org/download/news01/44-06-14_BBC_Alan_Melville_Hermanville_Church_Bells.mp3
 https://archive.org/download/news01/44-06-17_BBC_Frank_Gillard_takes_cover.mp3
 https://archive.org/download/news01/44-07-08-BombingOfCaen.mp3
 https://archive.org/download/news01/44-07-18_MutualWarNews.mp3
 https://archive.org/download/news01/44-08-06_BBC_Frank_Phillips_Hiroshima.mp3
 https://archive.org/download/news01/44-08-06_World_News_Today.mp3
 https://archive.org/download/news01/44-08-13_World_News_Today.mp3
 https://archive.org/download/news01/44-08-17_BBC_Ed_Murrow_counts_Parachutes_in_Holland.mp3
 https://archive.org/download/news01/44-08-20_World_News_Today.mp3
 https://archive.org/download/news01/44-08-25_BBC_Richard_Wessell_Paris_Liberated.mp3
 https://archive.org/download/news01/44-08-26_BBC_Robert_Reid_snipers_fire_at_DeGaulle.mp3
 https://archive.org/download/news01/44-08-27_World_News_Today.mp3
 https://archive.org/download/news01/44-09-03_World_News_Today.mp3
 https://archive.org/download/news01/44-09-10_World_News_Today.mp3
 https://archive.org/download/news01/44-09-17_BBC_John_Snagge_Invasion_of_Holland.mp3
 https://archive.org/download/news01/44-09-20_BBC_Stanley_Maxted_cut_off_with_airborn.mp3
 https://archive.org/download/news01/44-09-24_World_News_Today.mp3
 https://archive.org/download/news01/44-09-44_BBC_Montgomery.mp3
 https://archive.org/download/news01/44-11-01_BBC_Audrey_Russell_interviews_Bomb_Victim.mp3
 https://archive.org/download/news01/44-12-18_BBC_Robert_Barr_Ardennes_withdrawal.mp3
 https://archive.org/download/news01/44-12-24_BBC_Mountbatten_not_forgotten_front.mp3
 https://archive.org/download/news01/45-02-19_BBC_Sgt_Richard_Mawson_on_Iwa_Jima.mp3
 https://archive.org/download/news01/45-03-08_BBC_Churchill_Crosses_Rhine_est_date.mp3
 https://archive.org/download/news01/45-03-08_BBC_Freddy_Grisewood_Remagen_Bridge_Crossed.mp3
 https://archive.org/download/news01/45-03-08_BBC_Ian_Wilson_Americans_over_the_Rhine.mp3
 https://archive.org/download/news01/45-03-11-CHESTERWILMOT.mp3
 https://archive.org/download/news01/45-03-21_BBC_Richard_Sharp_with_Gen_Slim_Mandalay.mp3
 https://archive.org/download/news01/45-03-24_BBC_Richard_Dimbleby.mp3
 https://archive.org/download/news01/45-03-24_BBC_Richard_Dimbleby_in_Halifax_tow_plane.mp3
 https://archive.org/download/news01/45-03-24_BBC_Wynford_Vaughn-Thomas_crossing_the_Rhine.mp3
 https://archive.org/download/news01/45-03-25-StanleyMaxted_WoundedOnGlider.mp3
 https://archive.org/download/news01/45-03-25_BBC_Robert_Barr.mp3
 https://archive.org/download/news01/45-03-28_BBC_Stuart_Mcpherson.mp3
 https://archive.org/download/news01/45-03-31-WynfordVaughanThomas.mp3
 https://archive.org/download/news01/45-03-31_BBC_Edward_Ward.mp3
 https://archive.org/download/news01/45-03-31_BBC_Edward_Ward_on_release_from_Oflag_XXIIb.mp3
 https://archive.org/download/news01/45-04-19-InBelsen.mp3
 https://archive.org/download/news01/45-04-19_BBC_Richard_Dimbleby_in_Belsen.mp3
 https://archive.org/download/news01/45-04-23-EdwardWardCelebrating.mp3
 https://archive.org/download/news01/45-04-24_BBC_Wynford_Vaughn-Thomas.mp3
 https://archive.org/download/news01/45-04-25_BBC_Freddy_Grisewood_Frank_Gillard_at_Torgau.mp3
 https://archive.org/download/news01/45-04-30_PROP_Lord_Haw-Haws_last_broadcast.mp3
 https://archive.org/download/news01/45-04-31_BBC_Robert_Reid.mp3
 https://archive.org/download/news01/45-05-01_BBC_Stuart_Hibberd_Hitler_is_dead.mp3
 https://archive.org/download/news01/45-05-01_HamburgTakeoverofLordHaw-HawsStation.mp3
 https://archive.org/download/news01/45-05-02_BBC_Berlin_Has_Fallen.mp3
 https://archive.org/download/news01/45-05-03-TrumanWishFDRLived.mp3
 https://archive.org/download/news01/45-05-03_BBC_Wynford_Vaughn-Thomas_troops_surrender1.mp3
 https://archive.org/download/news01/45-05-04-ChesterWilmot_MontyHQAwaitSurrende.mp3
 https://archive.org/download/news01/45-05-04-MontyReadsSurrTerms.mp3
 https://archive.org/download/news01/45-05-07_BBC_John_Snagge.mp3
 https://archive.org/download/news01/45-05-07_BBC_John_Snagge_announces_VE_Day.mp3
 https://archive.org/download/news01/45-05-07_BBC_Thomas_Cadett_sees_Jodl_surrender.mp3
 https://archive.org/download/news01/45-05-08-KingGeorgeVI.mp3
 https://archive.org/download/news01/45-05-08-Montgomery.mp3
 https://archive.org/download/news01/45-05-08VEDayGabrielHeater.mp3
 https://archive.org/download/news01/45-05-08_BBC_Churchill_Announces_Surrender.mp3
 https://archive.org/download/news01/45-05-08_BBC_Howard_Marshall_Shares_Day_with_Crowds.mp3
 https://archive.org/download/news01/45-05-08_BBC_Truman_wish_Roosevelt_had_lived.mp3
 https://archive.org/download/news01/45-05-09_BBC_Thomas_Cadett.mp3
 https://archive.org/download/news01/45-05-09_BBC_Thomas_Cadett_in_Berlin.mp3
 https://archive.org/download/news01/45-05-19_BBC_Matthew_Halton_in_Holland.mp3
 https://archive.org/download/news01/45-08-06-Hiroshima.mp3
 https://archive.org/download/news01/45-08-06VJDayReports.mp3
 https://archive.org/download/news01/45-08-08_CaptCheshire_WitnessesNagasakiBombing.mp3
 https://archive.org/download/news01/45-08-13VJDayGabrielHeater.mp3
 https://archive.org/download/news01/45-08-14CommentaryOnEndoftheWar.mp3
 https://archive.org/download/news01/45-08-14_V-JDay.mp3
 https://archive.org/download/news01/45-08-15-CrossingTheRhine.mp3
 https://archive.org/download/news01/45-08-15_BBC_Atlee_Surrender_of_Japan.mp3
 https://archive.org/download/news01/45-08-15_BBC_Crowds_Celebrate_VJ_day.mp3
 https://archive.org/download/news01/45-08-15_BBC_King_George_VI_to_the_Empire.mp3
 https://archive.org/download/news01/45-08-15_WynfordVaughnThomas_in_PiccadillyCircus.mp3
 https://archive.org/download/news01/45-09-01_BBC_MacArthur_Holy_Mission.mp3
 https://archive.org/download/news01/45-11-04-BuildingBurmaRailway.mp3
 https://archive.org/download/news01/45-xx-xx_ChurchillSpeaksAtVictoryParty.mp3
 https://archive.org/download/news01/45.-04-.08_BBC_Richard_Dimbleby.mp3
 https://archive.org/download/news01/NewsCommentaryonMcCarthyMurrow.mp3
 https://archive.org/download/news01/NewsEdw.R.MurrowSen.McCarthy.mp3
 https://archive.org/download/news01/WilmottOnRoadToBrussels.mp3
 https://archive.org/download/1943RadioNews/1943-01-03-CBS-World-News-Today.mp3
 https://archive.org/download/1943RadioNews/1943-01-03-NBC-Story-Behind-The-Headlines---Russias-Winter-Offensive-2.mp3
 https://archive.org/download/1943RadioNews/1943-01-07-CBS-World-News-Today.mp3
 https://archive.org/download/1943RadioNews/1943-01-09-CBS-World-News-Today.mp3
 https://archive.org/download/1943RadioNews/1943-01-10-CBS-World-News-Today.mp3
 https://archive.org/download/1943RadioNews/1943-01-17-CBS-World-News-Today.mp3
 https://archive.org/download/1943RadioNews/1943-01-23-VOA-Deutschsprachige-Nachrichten-der-Stimme-Amerikas.mp3
 https://archive.org/download/1943RadioNews/1943-01-24-CBS-World-News-Today.mp3
 https://archive.org/download/1943RadioNews/1943-02-02-BBC-End-Of-Battle-For-Stalingrad-Eyewitnessed.mp3
 https://archive.org/download/1943RadioNews/1943-02-07-CBS-World-News-Today.mp3
 https://archive.org/download/1943RadioNews/1943-02-07-Shoe-Rationing-Harold-Peary.mp3
 https://archive.org/download/1943RadioNews/1943-02-09-BBC-Paul-Winterton-on-Stalingrad.mp3
 https://archive.org/download/1943RadioNews/1943-02-09-BBC-Robert-Robinson-Reports-Victory-In-Stalingrad.mp3
 https://archive.org/download/1943RadioNews/1943-02-09-BBCF-Ici-Londres---Victoire-Sovitique--Stalingrad.mp3
 https://archive.org/download/1943RadioNews/1943-02-13-AFRS-Merry-Macks--Brazil.mp3
 https://archive.org/download/1943RadioNews/1943-02-13-AFRS-Richard-Crooks---Ave-Maria.mp3
 https://archive.org/download/1943RadioNews/1943-02-21-CBS-World-News-Today.mp3
 https://archive.org/download/1943RadioNews/1943-02-28-CBS-World-News-Today.mp3
 https://archive.org/download/1943RadioNews/1943-03-07-CBS-World-News-Today.mp3
 https://archive.org/download/1943RadioNews/1943-03-14-CBS-World-News-Today.mp3
 https://archive.org/download/1943RadioNews/1943-03-21-CBS-World-News-Carries-Churchills-Speech.mp3
 https://archive.org/download/1943RadioNews/1943-03-21-CBS-World-News-Today.mp3
 https://archive.org/download/1943RadioNews/1943-03-28-CBS-World-News-Today.mp3
 https://archive.org/download/1943RadioNews/1943-03-28-NBC-World-News-Parade.mp3
 https://archive.org/download/1943RadioNews/1943-03-xx-158-V-Disc-A-Les-Brown--his-Orchestra---Just-For-A-Day.mp3
 https://archive.org/download/1943RadioNews/1943-03-xx-158-V-Disc-B-Louis-Jordan---Is-You-Is-Or-Is-You-Aint-My-Baby.mp3
 https://archive.org/download/1943RadioNews/1943-03-xx-158-V-Disc-B-Louis-Jordan---Knock-Me-A-Kiss.mp3
 https://archive.org/download/1943RadioNews/1943-04-04-NBC-War-Telescope---What-Money-Will-We-Use-in-Germany.mp3
 https://archive.org/download/1943RadioNews/1943-04-11-CBS-World-News-Today.mp3
 https://archive.org/download/1943RadioNews/1943-04-11-NBC-War-Telescope---Victorous-Week-for-the-Allies.mp3
 https://archive.org/download/1943RadioNews/1943-04-18-CBS-World-News-Today.mp3
 https://archive.org/download/1943RadioNews/1943-04-18-MBS-Gabriel-Heatter-And-The-News.mp3
 https://archive.org/download/1943RadioNews/1943-05-01-WHAS-1943-Kentucky-Derby---Clem-McCarthy.mp3
 https://archive.org/download/1943RadioNews/1943-05-02-NBCB-FDR-Fireside-Chat---On-The-Coal-Crisis.mp3
 https://archive.org/download/1943RadioNews/1943-05-07-CBC-Lorne-Green-Reports-Victory-In-Tunis.mp3
 https://archive.org/download/1943RadioNews/1943-05-10-CBS-Your-Home-Front-Reporter.mp3
 https://archive.org/download/1943RadioNews/1943-05-11-CBS-Your-Home-Front-Reporter.mp3
 https://archive.org/download/1943RadioNews/1943-05-12-CBS-Your-Home-Front-Reporter.mp3
 https://archive.org/download/1943RadioNews/1943-05-13-BBC-Frank-Gillard-On-German-Surrender-In-N-Africa.mp3
 https://archive.org/download/1943RadioNews/1943-05-15-BBC-Warsaw-Ghetto-Uprising-Eyewitness.mp3
 https://archive.org/download/1943RadioNews/1943-05-15-NBC-War-Telescope---War-Carried-to-the-Axis.mp3
 https://archive.org/download/1943RadioNews/1943-05-18-RRGO-Axis-Sally---Midge-At-The-Mike.mp3
 https://archive.org/download/1943RadioNews/1943-05-18-RRGO-Axis-Sally-Mildred-Gillars---Home-Sweet-Home-Part-1.mp3
 https://archive.org/download/1943RadioNews/1943-05-18-RRGO-Axis-Sally-Mildred-Gillars---Home-Sweet-Home-Part-2.mp3
 https://archive.org/download/1943RadioNews/1943-05-18-RRGO-Axis-Sally-Mildred-Gillars---Home-Sweet-Home-Part-3.mp3
 https://archive.org/download/1943RadioNews/1943-05-18-RRGO-Axis-Sally-Mildred-Gillars---Home-Sweet-Home-Part-4.mp3
 https://archive.org/download/1943RadioNews/1943-05-18-RRGO-Axis-Sally-Mildred-Gillars---Home-Sweet-Home-Part-5.mp3
 https://archive.org/download/1943RadioNews/1943-05-19-BBC-Winston-Churchill---Second-Address-To-US-Congress.mp3
 https://archive.org/download/1943RadioNews/1943-05-23-CBS-World-News-Today.mp3
 https://archive.org/download/1943RadioNews/1943-05-24-MBS-This-Is-Our-Enemy-ep52-Germanys-Big-Mistake.mp3
 https://archive.org/download/1943RadioNews/1943-05-25-CBS-Suspense---Sorry-Wrong-Number-East-Coast.mp3
 https://archive.org/download/1943RadioNews/1943-05-25-CBS-Suspense---Sorry-Wrong-Number-West-Coast.mp3
 https://archive.org/download/1943RadioNews/1943-05-27-WOR-Trash-Is-Cash.mp3
 https://archive.org/download/1943RadioNews/1943-05-29-NBC-War-Telescope---The-Week-of-Decision.mp3
 https://archive.org/download/1943RadioNews/1943-05-30-CBS-World-News-Today.mp3
 https://archive.org/download/1943RadioNews/1943-05-xx-Golden-Gate-Quartet---Stalin-Wasnt-Stallin.mp3
 https://archive.org/download/1943RadioNews/1943-06-05-NBC-War-Telescope---Censorship-in-Britain.mp3
 https://archive.org/download/1943RadioNews/1943-06-07-Juan-Peron-Discurso-7-de-junio-de-1943.mp3
 https://archive.org/download/1943RadioNews/1943-06-10-CBS-Your-Home-Front-Reporter.mp3
 https://archive.org/download/1943RadioNews/1943-06-12-BBC-Freddy-Grisewood-Reports-On-Tehran-Conference.mp3
 https://archive.org/download/1943RadioNews/1943-06-12-NBC-War-Telescope---The-Thousand-Bomber-Raid.mp3
 https://archive.org/download/1943RadioNews/1943-06-14-CBS-Your-Home-Front-Reporter.mp3
 https://archive.org/download/1943RadioNews/1943-06-16-WOR-The-Voice-Of-New-York-War-Bond-Campaign.mp3
 https://archive.org/download/1943RadioNews/1943-06-22-BBC-Commander-Kimmins-on-Invasion-of-Sicily.mp3
 https://archive.org/download/1943RadioNews/1943-06-30-BBC-Winston-Churchill---Reaping-The-Whirlwind.mp3
 https://archive.org/download/1943RadioNews/1943-07-01-CBS-News-of-the-World.mp3
 https://archive.org/download/1943RadioNews/1943-07-01-MBS-Frank-Singiser-And-The-News-poor-sound.mp3
 https://archive.org/download/1943RadioNews/1943-07-01-MBS-Frank-Singiser-And-The-News-w-noise-reduction.mp3
 https://archive.org/download/1943RadioNews/1943-07-03-NBC-War-Telescope---Bob-Hope.mp3
 https://archive.org/download/1943RadioNews/1943-07-04-CBS-World-News-Today.mp3
 https://archive.org/download/1943RadioNews/1943-07-10-NBC-War-Telescope---Invasion-of-Sicily.mp3
 https://archive.org/download/1943RadioNews/1943-07-11-CBS-World-News-Today.mp3
 https://archive.org/download/1943RadioNews/1943-07-17-NBC-War-Telescope---The-Russian-Offensive.mp3
 https://archive.org/download/1943RadioNews/1943-07-24-NBC-War-Telescope---The-Young-Reporters-second-half.mp3
 https://archive.org/download/1943RadioNews/1943-07-25-BBC-Maurice-Shillington-Reports-Mussolini-Resigns.mp3
 https://archive.org/download/1943RadioNews/1943-07-25-CBS-World-News-Today.mp3
 https://archive.org/download/1943RadioNews/1943-07-25-EIAR-Announces-The-Resignation-Of-Mussolini.mp3
 https://archive.org/download/1943RadioNews/1943-07-25-NBC-Story-Behind-The-Headlines---Mussolini.mp3
 https://archive.org/download/1943RadioNews/1943-07-28-CBS-Fireside-Chat-FDR.mp3
 https://archive.org/download/1943RadioNews/1943-07-28-FDR-Fireside-Chat---First-Crack-In-The-Axis.mp3
 https://archive.org/download/1943RadioNews/1943-07-31-NBC-War-Telescope---Benito-Mussolini-Resignation.mp3
 https://archive.org/download/1943RadioNews/1943-07-xx-The-Four-Vagabonds---Comin-In-On-A-Wing-And-A-Prayer.mp3
 https://archive.org/download/1943RadioNews/1943-08-07-NBC-War-Telescope---Report-from-the-German-Information-Bureau.mp3
 https://archive.org/download/1943RadioNews/1943-08-08-CBS-World-News-Today.mp3
 https://archive.org/download/1943RadioNews/1943-08-12-NBC-London-Special-Broadcast-Capt-Clark-Gable-Don-Hollenbeck.mp3
 https://archive.org/download/1943RadioNews/1943-08-14-NBC-War-Telescope---The-Clasablanca-Epic.mp3
 https://archive.org/download/1943RadioNews/1943-08-15-CBS-World-News-Today.mp3
 https://archive.org/download/1943RadioNews/1943-08-16-NCBC-Raymond-Gram-Swing-Churchill-denies-he-said-war-will-be-over-in-6-months.mp3
 https://archive.org/download/1943RadioNews/1943-08-17-BBC-Garry-Marsh---General-Patton-Enters-Messina.mp3
 https://archive.org/download/1943RadioNews/1943-08-22-BBC-Frank-Gillard-With-Town-Band-in-Lentini.mp3
 https://archive.org/download/1943RadioNews/1943-08-22-CBC-Mary-Churchill-Congratulates-CWACs.mp3
 https://archive.org/download/1943RadioNews/1943-08-26-MBS-Paul-Schubert.mp3
 https://archive.org/download/1943RadioNews/1943-08-27-CBC-Talk-For-Women-CWAC-Capt-Cecile-Bouchard.mp3
 https://archive.org/download/1943RadioNews/1943-08-28-NBCB-John-W-Vandercook.mp3
 https://archive.org/download/1943RadioNews/1943-08-29-CBS-World-News-Today.mp3
 https://archive.org/download/1943RadioNews/1943-08-31-CBC-Winston-Churchill---Broadcast-From-Quebec.mp3
 https://archive.org/download/1943RadioNews/1943-08-xx-Harry-James---Too-Marvelous-For-Words-Buddy-Moreno.mp3
 https://archive.org/download/1943RadioNews/1943-09-03-BBC-Lancaster-Bomber-Crew-Over-Berlin.mp3
 https://archive.org/download/1943RadioNews/1943-09-03-BBC-Mongomery-Announces-Landings-in-Italy.mp3
 https://archive.org/download/1943RadioNews/1943-09-04-NBC-War-Telescope---The-Planing-and-Organization-of-the-War.mp3
 https://archive.org/download/1943RadioNews/1943-09-05-CBS-World-News-Today.mp3
 https://archive.org/download/1943RadioNews/1943-09-06-BBC-Winston-Churchill---Anglo-American-Unity.mp3
 https://archive.org/download/1943RadioNews/1943-09-08-CAN-Eisenhower-Announces-Italian-Surrender-clip.mp3
 https://archive.org/download/1943RadioNews/1943-09-13-BBC-Marshal-Badoglio-Italy-Surrender.mp3
 https://archive.org/download/1943RadioNews/1943-09-19-CBS-World-News-Today.mp3
 https://archive.org/download/1943RadioNews/1943-09-20-CBS-Your-Home-Front-Reporter.mp3
 https://archive.org/download/1943RadioNews/1943-09-23-074-V-Disc-A-Fats-Waller---This-Is-So-Nice-It-Must-Be-Illegal---Martinique.mp3
 https://archive.org/download/1943RadioNews/1943-09-23-074-V-Disc-B-Fats-Waller---Hallelujah.mp3
 https://archive.org/download/1943RadioNews/1943-09-23-074-V-Disc-B-Fats-Waller---Waller-Jive.mp3
 https://archive.org/download/1943RadioNews/1943-09-23-MBS-WOR-You-Tell-Em-Club.mp3
 https://archive.org/download/1943RadioNews/1943-09-26-BBC-Postscript-To-The-News-Group-Captain-Peel-And-JH-Brown.mp3
 https://archive.org/download/1943RadioNews/1943-09-26-CBS-World-News-Today.mp3
 https://archive.org/download/1943RadioNews/1943-09-27-Andrews-Sisters-Bing-Crosby---Pistol-Packin-Mama.mp3
 https://archive.org/download/1943RadioNews/1943-09-29-CBS-Your-Home-Front-Reporter.mp3
 https://archive.org/download/1943RadioNews/1943-10-02-NBC-War-Telescope---Ten-Shopping-Days-Til-Christmas.mp3
 https://archive.org/download/1943RadioNews/1943-10-02-US-Treasury-Dept-Syndication---Dimes-For-Invasion---War-Stamps-Drive-Morton-Downey.mp3
 https://archive.org/download/1943RadioNews/1943-10-03-CBS-World-News-Today.mp3
 https://archive.org/download/1943RadioNews/1943-10-04-CBS-Your-Home-Front-Reporter.mp3
 https://archive.org/download/1943RadioNews/1943-10-05-CBS-Your-Home-Front-Reporter-107.mp3
 https://archive.org/download/1943RadioNews/1943-10-08-CBS-Your-Home-Front-Reporter.mp3
 https://archive.org/download/1943RadioNews/1943-10-10-CBS-World-News-Today.mp3
 https://archive.org/download/1943RadioNews/1943-10-13-BBC-Freddy-Grisewood-Reports-Italy-At-War-with-Germany.mp3
 https://archive.org/download/1943RadioNews/1943-10-13-CBS-Your-Home-Front-Reporter-113.mp3
 https://archive.org/download/1943RadioNews/1943-10-16-NBC-War-Telescope---The-German-Rocket-Guns.mp3
 https://archive.org/download/1943RadioNews/1943-10-17-CBS-World-News-Today.mp3
 https://archive.org/download/1943RadioNews/1943-10-23-CBS-World-News-Today.mp3
 https://archive.org/download/1943RadioNews/1943-10-23-Eisenhower-War-Loan-Drives-Speech.mp3
 https://archive.org/download/1943RadioNews/1943-10-23-NBC-War-Telescope---Swedish-Airline-Shot-Down.mp3
 https://archive.org/download/1943RadioNews/1943-10-24-CBS-World-News-Today.mp3
 https://archive.org/download/1943RadioNews/1943-10-28-BBC-Winston-Churchill---Rebuilding-The-House-Of-Commons.mp3
 https://archive.org/download/1943RadioNews/1943-10-28-WAC-Recruits-take-Oath-of-Enlistment.mp3
 https://archive.org/download/1943RadioNews/1943-10-30-NBC-War-Telescope---The-Fifth-Winter-of-the-War.mp3
 https://archive.org/download/1943RadioNews/1943-10-xx-003-V-Disc-AB-Andre-Kostelantz--his-Orchestra-Oklahoma-Medley-Pt-12.mp3
 https://archive.org/download/1943RadioNews/1943-10-xx-007-V-Disc-AB-Benny-Goodman--his-Orchestra---Sing-Sing-Sing-Pt12.mp3
 https://archive.org/download/1943RadioNews/1943-10-xx-010-V-Disc-A-Duke-Ellington--his-Orchestra---Dont-Get-Around-Much-Anymore.mp3
 https://archive.org/download/1943RadioNews/1943-10-xx-010-V-Disc-B-Duke-Ellington--his-Orchestra---Warm-Valley.mp3
 https://archive.org/download/1943RadioNews/1943-10-xx-013-V-Disc-A-Artie-Shaw--his-Orchestra---Begin-The-Beguine.mp3
 https://archive.org/download/1943RadioNews/1943-10-xx-013-V-Disc-B-Artie-Shaw--his-Orchestra---Nightmare.mp3
 https://archive.org/download/1943RadioNews/1943-10-xx-022-V-Disc-A-Sgt-Ace-Goodrich-with-Orchestra---The-Little-Brown-Suit-My-Uncle-Bought-Me--Hup-Tup-Thrup-Four.mp3
 https://archive.org/download/1943RadioNews/1943-10-xx-022-V-Disc-B--Cpl-Ziggy-Lane-with-Orchestra---Love-Sometimes-Has-To-Wait.mp3
 https://archive.org/download/1943RadioNews/1943-10-xx-023-V-Disc-A-Cpl-Ziggy-Lane-with-Orchestra---Jumping-To-The-Jukebox.mp3
 https://archive.org/download/1943RadioNews/1943-10-xx-023-V-Disc-B-Cpl-Ziggy-Lane-with-Orchestra---My-Pin-Up-Girl.mp3
 https://archive.org/download/1943RadioNews/1943-10-xx-024-V-Disc-A-Dinah-Shore--Bing-Crosby---Youll-Never-Know---You-Are-My-Sunshine.mp3
 https://archive.org/download/1943RadioNews/1943-10-xx-024-V-Disc-B-Dinah-Shore--Bing-Crosby---Its-A-Long-Long-Way-To-Tipperary--Wait-For-Me-Mary.mp3
 https://archive.org/download/1943RadioNews/1943-10-xx-030-V-Disc-A-Hazel-Scott---People-Will-Say-Were-In-Love.mp3
 https://archive.org/download/1943RadioNews/1943-10-xx-030-V-Disc-B-Hazel-Scott--Sidney-Catlett---Honeysuckle-Rose.mp3
 https://archive.org/download/1943RadioNews/1943-10-xx-157-V-Disc-A-Jimmy-Dorsey--his-Orchestra---That-Wonderful-Worrisome-Feeling.mp3
 https://archive.org/download/1943RadioNews/1943-10-xx-157-V-Disc-A-Woody-Herman--his-Orchestra---By-the-River-Of-the-Roses.mp3
 https://archive.org/download/1943RadioNews/1943-10-xx-Ella-Mae-Morse---Milkman-Keep-Those-Bottles-Quiet.mp3
 https://archive.org/download/1943RadioNews/1943-11-03-CBS-Daytime-Radio-Newspaper.mp3
 https://archive.org/download/1943RadioNews/1943-11-08-BBC-In-Honour-Of-Russia-Mary-Lane.mp3
 https://archive.org/download/1943RadioNews/1943-11-09-BBC-Life-As-A-POW-Maj-CE-Page.mp3
 https://archive.org/download/1943RadioNews/1943-11-09-CBS-Address-by-FDR-about-UNRRA.mp3
 https://archive.org/download/1943RadioNews/1943-11-13-NBC-War-Telescope---Will-the-War-Be-over-by-Next-Spring.mp3
 https://archive.org/download/1943RadioNews/1943-11-16-087-V-Disc-A-Carol-Bruce-with-Red-Norvo---Embraceable-You.mp3
 https://archive.org/download/1943RadioNews/1943-11-16-087-V-Disc-A-Carol-Bruce-with-Red-Norvo---Message.mp3
 https://archive.org/download/1943RadioNews/1943-11-16-087-V-Disc-B-Carol-Bruce-with-Red-Norvo---Abraham.mp3
 https://archive.org/download/1943RadioNews/1943-11-16-087-V-Disc-B-Carol-Bruce-with-Red-Norvo---Something-For-the-Boys.mp3
 https://archive.org/download/1943RadioNews/1943-11-20-NBC-War-Telescope---Waiting-for-the-Curtain-to-Go-Up.mp3
 https://archive.org/download/1943RadioNews/1943-11-25-NBC-Soldiers-In-Greasepaint-USO.mp3
 https://archive.org/download/1943RadioNews/1943-11-xx-031-V-Disc-A-Arturo-Toscanini--the-NBC-Symphony---Garibaldis-War-Hymn.mp3
 https://archive.org/download/1943RadioNews/1943-11-xx-031-V-Disc-B-Arturo-Toscanini--the-NBC-Symphony---Stars-and-Stripes-Forever.mp3
 https://archive.org/download/1943RadioNews/1943-11-xx-037-V-Disc-A-Duke-Ellington--his-Orchestra-scat-vocal-Cootie-Williams---Ring-Dem-Bells.mp3
 https://archive.org/download/1943RadioNews/1943-11-xx-037-V-Disc-B-Duke-Ellington--his-Orchestra---Perdido.mp3
 https://archive.org/download/1943RadioNews/1943-11-xx-043-V-Disc-A-Harry-James--his-Orchestra---Caprice-Viennois.mp3
 https://archive.org/download/1943RadioNews/1943-11-xx-043-V-Disc-B-Harry-James--his-Orchestra---Feet-Draggin-Blues.mp3
 https://archive.org/download/1943RadioNews/1943-11-xx-047-V-Disc-A-Richard-Dyer-Bennett---Venezuela--The-Keeper-Of-The-Eddystone-Light.mp3
 https://archive.org/download/1943RadioNews/1943-11-xx-047-V-Disc-B-Richard-Dyer-Bennett---Foggy-Foggy-Dew.mp3
 https://archive.org/download/1943RadioNews/1943-11-xx-060-V-Disc-A-David-Rose--his-Orchestra---Our-Waltz.mp3
 https://archive.org/download/1943RadioNews/1943-11-xx-060-V-Disc-B-David-Rose--his-Orchestra---Holiday-For-Strings.mp3
 https://archive.org/download/1943RadioNews/1943-12-03-CBS-ER-Murrow-Orchestrated-Hell-Broadcast-With-RAF-References.mp3
 https://archive.org/download/1943RadioNews/1943-12-03-CBS-Edward-R-Murrow-Bomber-Raid-Over-Berlin.mp3
 https://archive.org/download/1943RadioNews/1943-12-03-CBS-Edward-R-Murrow-Recounts-Bomb-Run-On-Berlin.mp3
 https://archive.org/download/1943RadioNews/1943-12-04-NBC-Story-Behind-The-Headlines---Cairo-And-Tehran.mp3
 https://archive.org/download/1943RadioNews/1943-12-06-BBC-Freddy-Grisewood-Reports-On-Tehran-Conference.mp3
 https://archive.org/download/1943RadioNews/1943-12-10-CBC-Wartime-Rations-Christmas-Dorothy-Batchellor.mp3
 https://archive.org/download/1943RadioNews/1943-12-15-CBC-Crossing-The-Moro-River-Matthew-Halton.mp3
 https://archive.org/download/1943RadioNews/1943-12-18-AFRS-I-Sustain-the-Wings-Glenn-Miller-AAF-Christmas-Program.mp3
 https://archive.org/download/1943RadioNews/1943-12-18-CBS-WABC-Your-Hit-Parade-1st-Song---Pistol-Packin-Mama.mp3
 https://archive.org/download/1943RadioNews/1943-12-18-NBC-War-Telescope---Berlin-Marred-by-Ruins.mp3
 https://archive.org/download/1943RadioNews/1943-12-19-CBS-World-News-Today.mp3
 https://archive.org/download/1943RadioNews/1943-12-20-CBC-Canadian-Women-Serving-Overseas-Marietta-McPherson.mp3
 https://archive.org/download/1943RadioNews/1943-12-24-FDR-Fireside-Chat.mp3
 https://archive.org/download/1943RadioNews/1943-12-24-NBC-Christmas-Eve-At-The-Front-Special-Bob-Hope.mp3
 https://archive.org/download/1943RadioNews/1943-12-25-AFRS-Armed-Forces-Christmas-Package-Linda-Darnell-Chaplain-Robert-D-Workman.mp3
 https://archive.org/download/1943RadioNews/1943-12-25-AFRS-Command-Performance---Christmas-Special.mp3
 https://archive.org/download/1943RadioNews/1943-12-25-BBC-King-George-Christmas-Speech.mp3
 https://archive.org/download/1943RadioNews/1943-12-26-CBS-World-News-Today.mp3
 https://archive.org/download/1943RadioNews/1943-12-28-CBC-Matthew-Halton-Canadians-Attack-Ortona.mp3
 https://archive.org/download/1943RadioNews/1943-12-xx-042-V-Disc-A-Goldman-Band---On-the-Campus.mp3
 https://archive.org/download/1943RadioNews/1943-12-xx-042-V-Disc-A-Goldman-Band---With-Trumpet-and-Drums.mp3
 https://archive.org/download/1943RadioNews/1943-12-xx-042-V-Disc-B--Goldman-Band---Korcoran-Cadets.mp3
 https://archive.org/download/1943RadioNews/1943-12-xx-042-V-Disc-B-Goldman-Band---Southern-Melodies.mp3
 https://archive.org/download/1943RadioNews/1943-xx-xx-100-V-Disc-A-Allan-Jones---Donkey-Serenade.mp3
 https://archive.org/download/1943RadioNews/1943-xx-xx-100-V-Disc-B-Gladys-Swarthout---Give-Me-One-Hour.mp3
 https://archive.org/download/1943RadioNews/1943-xx-xx-AFRS-Downbeat-165-A-Poet-Plays-Boogie-Woogie-Carmen-Cavallaro.mp3
 https://archive.org/download/1943RadioNews/1943-xx-xx-AFRS-Know-Your-Allies-China.mp3
 https://archive.org/download/1943RadioNews/1943-xx-xx-AU-Lest-We-Forget-ep58-AHS-Centaur.mp3
 https://archive.org/download/1943RadioNews/1943-xx-xx-BBCF-Ici-Londres---Llphant-sest-cass-une-dfense.mp3
 https://archive.org/download/1943RadioNews/1943-xx-xx-BBCF-Ici-Londres---Messages-Personnels.mp3
 https://archive.org/download/1943RadioNews/1943-xx-xx-Billy-Murray--Monroe-Silver---Casey-And-Cohen-In-The-Army.mp3
 https://archive.org/download/1943RadioNews/1943-xx-xx-CBC-Canadian-Lancaster-Bomber-Crew-On-Mission.mp3
 https://archive.org/download/1943RadioNews/1943-xx-xx-Lionel-Hampton-Art-Tatum-Roy-Eldridge---Tea-For-Two.mp3
 https://archive.org/download/1943RadioNews/1943-xx-xx-Mary-Lee---On-The-Sunny-Side-Of-The-Street.mp3
 https://archive.org/download/1943RadioNews/1943-xx-xx-NBC-Bing-Crosby-Kraft-Music-Hall-WAC-Recruitment.mp3
 https://archive.org/download/1943RadioNews/1943-xx-xx-Orson-Welles-War-Bond-Plea.mp3
 https://archive.org/download/1943RadioNews/1943-xx-xx-RRG-Radio-Berlin-Air-Raid-Warning.mp3
 https://archive.org/download/1943RadioNews/1943-xx-xx-RRGO-Gerrys-Front-Calling---American-POW-Messages.mp3
 https://archive.org/download/1943RadioNews/1943-xx-xx-RRGO-Gerrys-Front-Calling---British-POW-Messages.mp3
 https://archive.org/download/1943RadioNews/1943-xx-xx-RRGO-Gerrys-Front-To-Americans--w-Bruno--Swinging-Tigers.mp3
 https://archive.org/download/1943RadioNews/1943-xx-xx-RRGO-Gerrys-Front-To-British-w-Bruno--Swinging-Tigers.mp3
 https://archive.org/download/1943RadioNews/1943-xx-xx-Share-The-Meat.mp3
 https://archive.org/download/1943RadioNews/1943-xx-xx-Sound-Off-413-Charioteers-Straighten-Up--Fly-Right.mp3
 https://archive.org/download/1943RadioNews/1943-xx-xx-US-Army---The-Army-Nurse-March.mp3
 https://archive.org/download/1943RadioNews/1943-xx-xx-Vmail.mp3
 https://archive.org/download/1943RadioNews/1943-xx-xx-Your-Own-Victory-Garden.mp3
 https://archive.org/download/1946RadioNews/1946-02-10-ABC-Jergens-Journal-Walter-Winchell-Free-Speech.mp3
 https://archive.org/download/1946RadioNews/1946-02-14-ABC-Breakfast-In-Hollywood-Johnny-Qualin.mp3
 https://archive.org/download/1946RadioNews/1946-02-24-CBS-Edward-R-Murrow-Leaving-Britain.mp3
 https://archive.org/download/1946RadioNews/1946-02-xx-588-V-Disc-B-Muggsy-Spanier--His-V-Disc-Allstars---Squeeze-Me.mp3
 https://archive.org/download/1946RadioNews/1946-03-05-BBC-Winston-Churchill---The-Sinews-Of-Peace.mp3
 https://archive.org/download/1946RadioNews/1946-03-xx-605-V-Disc-B-Roy-Eldridge--his-V-Discatters---Old-Rob-Roy.mp3
 https://archive.org/download/1946RadioNews/1946-04-20-NBC-Home-Is-What-You-Make-It.mp3
 https://archive.org/download/1946RadioNews/1946-04-21-NBC-Story-Behind-The-Headlines---The-First-Peace-Time-Easter.mp3
 https://archive.org/download/1946RadioNews/1946-04-25-CBC-To-Canada-In-Style.mp3
 https://archive.org/download/1946RadioNews/1946-05-06-WHAS-Kentucky-Derby---Clem-McCarthy.mp3
 https://archive.org/download/1946RadioNews/1946-05-20-James-Brynes-On-Post-War-Treaty-Talks-In-Paris.mp3
 https://archive.org/download/1946RadioNews/1946-05-24-BBC-Empire-Day-Speech-By-HRH-Princess-Elizabeth.mp3
 https://archive.org/download/1946RadioNews/1946-06-04-CBS-WBBM-American-Family-News.mp3
 https://archive.org/download/1946RadioNews/1946-06-08-KOMO-Bob-Hope-Special-Interview-from-Seattle.mp3
 https://archive.org/download/1946RadioNews/1946-06-18-CBC-Windsor-tornado.mp3
 https://archive.org/download/1946RadioNews/1946-06-18-CBS-Radios-Biggest-Show-Walgreens-45th-Anniversary.mp3
 https://archive.org/download/1946RadioNews/1946-06-21-WJZ-Alan-Prescott---What-To-Do-This-Weekend.mp3
 https://archive.org/download/1946RadioNews/1946-06-25-CBC-Weather-expert-explains-the-Windsor-tornado.mp3
 https://archive.org/download/1946RadioNews/1946-06-26-ABC-Forum-The-UN-Conference.mp3
 https://archive.org/download/1946RadioNews/1946-06-30-ABC-Lear-Radio-Show-42---OPA-Set-To-End.mp3
 https://archive.org/download/1946RadioNews/1946-07-21-ABC-Lear-Radio-Show-45---OPA-One-Year-Extension.mp3
 https://archive.org/download/1946RadioNews/1946-07-21-NBC-Story-Behind-The-Headlines---The-British-Labour-Government.mp3
 https://archive.org/download/1946RadioNews/1946-07-23-BBC-Sir-Hartley-Shawcross-Reads-Witness-Accounts.mp3
 https://archive.org/download/1946RadioNews/1946-07-28-ABC-Lear-Radio-Show-46---Black-Veteran-Blinded-By-Police.mp3
 https://archive.org/download/1946RadioNews/1946-08-04-ABC-Lear-Radio-Show-47---Clement-Attlee.mp3
 https://archive.org/download/1946RadioNews/1946-08-11-ABC-Lear-Radio-Show-48---Race-Relations.mp3
 https://archive.org/download/1946RadioNews/1946-08-18-ABC-Lear-Radio-Show-49---Batesburg-Not-Aiken.mp3
 https://archive.org/download/1946RadioNews/1946-08-18-NBC-Story-Behind-The-Headlines---President-Trumans-Trial-Balloon.mp3
 https://archive.org/download/1946RadioNews/1946-08-25-ABC-Lear-Radio-Show-50---Welles-Movie-Banned.mp3
 https://archive.org/download/1946RadioNews/1946-08-31-WJR-CBS-Country-Journal.mp3
 https://archive.org/download/1946RadioNews/1946-09-22-CBS-Stars-in-the-Afternoon---Preview-of-CBS-1946-Fall-Line-up.mp3
 https://archive.org/download/1946RadioNews/1946-10-01-BBC-Judgment-at-Nuremberg.mp3
 https://archive.org/download/1946RadioNews/1946-10-01-Geoffrey-Lawrence-Sentences-Goring-And-Hess-At-Nuremberg.mp3
 https://archive.org/download/1946RadioNews/1946-10-08-BBC-Huis-Clos-by-Jean-Paul-Sartre.mp3
 https://archive.org/download/1946RadioNews/1946-10-13-NBC-Story-Behind-The-Headlines---The-So-Called-Peace-Conference.mp3
 https://archive.org/download/1946RadioNews/1946-11-03-CBS-Louella-Parsons-Bebe-Daniels-Ben-Lyons.mp3
 https://archive.org/download/1946RadioNews/1946-11-08-AFRS-AFRA-Workshop-Night-Flight-Arch-Oboler.mp3
 https://archive.org/download/1946RadioNews/1946-12-10-ABC-Dateline-Headline-Byline.mp3
 https://archive.org/download/1946RadioNews/1946-12-21-ABC-Jergens-Journal-Walter-Winchell.mp3
 https://archive.org/download/1946RadioNews/1946-12-22-AFRS-Jack-Benny-Christmas-Party-At-Birmingham-General-Hospital.mp3
 https://archive.org/download/1946RadioNews/1946-12-24-ABC-Christmas-Party.mp3
 https://archive.org/download/1946RadioNews/1946-12-24-AFRS-Bob-Hope-From-Sawtelle-Veterans-Hospital-California-Bing-Crosby-Doris-Day-General-Bradley.mp3
 https://archive.org/download/1946RadioNews/1946-12-25-NBC-Christmas-In-America-Proctor-and-Gamble-Christmas-Special.mp3
 https://archive.org/download/1946RadioNews/1946-12-26-WOR-MBS-In-Review---1946-In-Review.mp3
 https://archive.org/download/1946RadioNews/1946-12-31-NBC-New-Years-Eve-Party-With-Fred-Waring.mp3
 https://archive.org/download/1946RadioNews/1946-xx-xx-AFRS-Chiquita-Christmas-Program.mp3
 https://archive.org/download/1946RadioNews/1946-xx-xx-Great-Crepitation-Contest-of-1946-Fart-Contest-Record.mp3
 https://archive.org/download/1946RadioNews/1946-xx-xx-Rendezvous-with-Destiny-FDR-speeches-from-2-Volume-1946-NBC-LP-pt-1.mp3
 https://archive.org/download/1946RadioNews/1946-xx-xx-Rendezvous-with-Destiny-FDR-speeches-from-2-Volume-1946-NBC-LP-pt-2.mp3
 https://archive.org/download/1946RadioNews/1946-xx-xx-Rendezvous-with-Destiny-FDR-speeches-from-2-Volume-1946-NBC-LP-pt-3.mp3
 https://archive.org/download/1950-1959RadioNews/1950-02-06-Billings-Montana-News-Warren-Marshall.mp3
 https://archive.org/download/1950-1959RadioNews/1950-02-06-MBS-Newsreel-Digest.mp3
 https://archive.org/download/1950-1959RadioNews/1950-02-25-CBS-Atomic-City-USA.mp3
 https://archive.org/download/1950-1959RadioNews/1950-02-xx-SYN-American-Heart-Association-Presents-1950-Heart-Fund-Jo-Stafford.mp3
 https://archive.org/download/1950-1959RadioNews/1950-04-07-CBS-Edward-R-Murrow-Case-Of-The-Flying-Saucer.mp3
 https://archive.org/download/1950-1959RadioNews/1950-04-15-CBS-Welcome-Back-Baseball-Bob-Hope-Bing-Crosby-Dorothy-Lamour.mp3
 https://archive.org/download/1950-1959RadioNews/1950-04-25-AU-Calling-The-Stars-ep404-The-Spirit-of-ANZAC.mp3
 https://archive.org/download/1950-1959RadioNews/1950-04-27-ABC-Hollywood-Byline-19-Betty-Hutton.mp3
 https://archive.org/download/1950-1959RadioNews/1950-05-06-WHAS-Kentucky-Derby---Clem-McCarthy.mp3
 https://archive.org/download/1950-1959RadioNews/1950-05-07-UN-Radio-The-Doctor-and-Magdalena-Gene-Lockhart-and-Marsha-Hunt.mp3
 https://archive.org/download/1950-1959RadioNews/1950-05-24-BBC-Dunkirk-Charles-Gardner-interviews-Charles-Herbert-Lightoller.mp3
 https://archive.org/download/1950-1959RadioNews/1950-05-26-NBC-Bill-Sterns-Sports-Newsreel-Jackie-Robinson.mp3
 https://archive.org/download/1950-1959RadioNews/1950-05-xx-UN-Radio-Fear-Itself-Martin-Gable.mp3
 https://archive.org/download/1950-1959RadioNews/1950-06-03-AFRTS-Air-Force-Hour-Triumph-of-Old-Glory.mp3
 https://archive.org/download/1950-1959RadioNews/1950-06-16-UN-Radio-Albert-Einstein-on-Ghandi.mp3
 https://archive.org/download/1950-1959RadioNews/1950-06-16-UN-Radio-Albert-Einstein-on-The-Bomb.mp3
 https://archive.org/download/1950-1959RadioNews/1950-07-09-ABC-Louella-Parsons-Show-Shelly-Winters.mp3
 https://archive.org/download/1950-1959RadioNews/1950-08-24-CBS-Somebody-Knows-Unsolved-Murder-Of-Elizabeth-Short-Black-Dahlia.mp3
 https://archive.org/download/1950-1959RadioNews/1950-09-57-CBS-Joe-Louis-vs-Ezzard-Charles.mp3
 https://archive.org/download/1950-1959RadioNews/1950-11-18-NBC-Voices--Events.mp3
 https://archive.org/download/1950-1959RadioNews/1950-12-12-AFRS-Bob-Hope-From-Long-Beach-California-Veterans-Hospital-Claudette-Colbert-Margaret-Whiting.mp3
 https://archive.org/download/1950-1959RadioNews/1950-12-15-CBS-Hear-It-Now-Edward-R-Murrow.mp3
 https://archive.org/download/1950-1959RadioNews/1950-12-22-CBS-Hear-It-Now-Edward-R-Murrow.mp3
 https://archive.org/download/1950-1959RadioNews/1950-12-25-AFRS-Bob-Hope-From-Long-Beach-California-Veterans-Hospital-Bing-Crosby.mp3
 https://archive.org/download/1950-1959RadioNews/1951-01-12-CBS-Hear-It-Now.mp3
 https://archive.org/download/1950-1959RadioNews/1951-02-02-CBS-News-Don-Hollenbeck.mp3
 https://archive.org/download/1950-1959RadioNews/1951-03-20-CBS-Edward-R-Murrow-UN-Troops-Face-Stiff-Opposition.mp3
 https://archive.org/download/1950-1959RadioNews/1951-04-11-CBS-KOOK-Truman-MacArthur-Interruption.mp3
 https://archive.org/download/1950-1959RadioNews/1951-04-11-Gen-Douglas-MacArthurs-Farewell-Address-To-Congress.mp3
 https://archive.org/download/1950-1959RadioNews/1951-04-11-MBS-Truman-MacArthur-Commentary.mp3
 https://archive.org/download/1950-1959RadioNews/1951-04-19-CBS-MacArthur-Congress.mp3
 https://archive.org/download/1950-1959RadioNews/1951-04-19-Douglas-MacArthur---Old--Soldiers.mp3
 https://archive.org/download/1950-1959RadioNews/1951-04-19-General-Douglas-MacArthur---Address-to-Congress.mp3
 https://archive.org/download/1950-1959RadioNews/1951-04-20-CBS-Hear-It-Now.mp3
 https://archive.org/download/1950-1959RadioNews/1951-04-27-CBS-Hear-It-Now.mp3
 https://archive.org/download/1950-1959RadioNews/1951-05-11-CBS-Hear-It-Now.mp3
 https://archive.org/download/1950-1959RadioNews/1951-05-18-CBS-Hear-It-Now.mp3
 https://archive.org/download/1950-1959RadioNews/1951-05-25-CBS-Hear-It-Now.mp3
 https://archive.org/download/1950-1959RadioNews/1951-06-17-CBS-News-Bob-Trout.mp3
 https://archive.org/download/1950-1959RadioNews/1951-06-29-NBC-Bill-Sterns-Sports-Newsreel-Final-Show-for-Colgate.mp3
 https://archive.org/download/1950-1959RadioNews/1951-07-09-CBS-News.mp3
 https://archive.org/download/1950-1959RadioNews/1951-10-03-LBS-National-League-Championship-Game-3-Giants-vs-Dodgers.mp3
 https://archive.org/download/1950-1959RadioNews/1951-10-03-WMCA-The-Shot-Russ-Hodges.mp3
 https://archive.org/download/1950-1959RadioNews/1951-10-25-CBS-Edward-R-Murrow-News.mp3
 https://archive.org/download/1950-1959RadioNews/1951-11-04-MBS-UN-Radio-Windows-on-the-World-Douglas-Fairbanks-Norman-Corwin.mp3
 https://archive.org/download/1950-1959RadioNews/1951-11-09-AFRS-Jack-Benny-20th-Anniversary-Banquet.mp3
 https://archive.org/download/1950-1959RadioNews/1951-12-25-NBC-Bob-Hope-Christmas-From-Long-Beach-Veterans-Hospital-Bing-Crosby.mp3
 https://archive.org/download/1950-1959RadioNews/1951-xx-xx-2UW-These-Were-Their-Yesterdays-ep42-HMAS-Sydney.mp3
 https://archive.org/download/1950-1959RadioNews/1951-xx-xx-AFRS-Jukebox-USA-50-Rebel-Randall.mp3
 https://archive.org/download/1950-1959RadioNews/1951-xx-xx-AFRS-Special-Troop-Information-103---We-Take-Our-Stand.mp3
 https://archive.org/download/1950-1959RadioNews/1951-xx-xx-NBC-25th-Anniversary-Silver-Jubilee-Broadcast.mp3
 https://archive.org/download/1950-1959RadioNews/1952-01-10-Truman-Press-Conference.mp3
 https://archive.org/download/1950-1959RadioNews/1952-04-04-NBC-I-Remember-Kaltenborn.mp3
 https://archive.org/download/1950-1959RadioNews/1952-06-30-CBS-Edward-R-Murrow-Truman-Signs-Wage-And-Price-Control-Bill.mp3
 https://archive.org/download/1950-1959RadioNews/1952-07-07-KGHL-or-KBMY-1952-Republican-Convention.mp3
 https://archive.org/download/1950-1959RadioNews/1952-07-07-Republican-Convention---MacArthur-Speech.mp3
 https://archive.org/download/1950-1959RadioNews/1952-07-07-Republican-Convention-MacArthur-Keynote-Address-Part-1.mp3
 https://archive.org/download/1950-1959RadioNews/1952-07-07-Republican-Convention-MacArthur-Keynote-Address-Part-2.mp3
 https://archive.org/download/1950-1959RadioNews/1952-12-23-NBC-Cavalcade-Of-America-767-Christmas-in-America.mp3
 https://archive.org/download/1950-1959RadioNews/1952-12-24-NBC-Bob-Hope-Frank-Sinatra-Christmas.mp3
 https://archive.org/download/1950-1959RadioNews/1952-xx-xx-AFRS-Frankenstein-Castle-Hoax.mp3
 https://archive.org/download/1950-1959RadioNews/1952-xx-xx-Election-Song---I-Like-Ike-Eisenhower.mp3
 https://archive.org/download/1950-1959RadioNews/1953-01-01-AFRS-The-AFRS-Story.mp3
 https://archive.org/download/1950-1959RadioNews/1953-01-15-AFN-Operation-Information.mp3
 https://archive.org/download/1950-1959RadioNews/1953-02-11-KOOK-CBS-News.mp3
 https://archive.org/download/1950-1959RadioNews/1953-05-15-ABC-Headline-Edition-Taylor-Grant.mp3
 https://archive.org/download/1950-1959RadioNews/1953-06-xx-SYN-March-of-Dimes-1953-Man-Against-the-Crippler.mp3
 https://archive.org/download/1950-1959RadioNews/1953-08-xx-UN-Radio-The-Korea-Story-01-Dag-Hammarskjold-Dick-Powell.mp3
 https://archive.org/download/1950-1959RadioNews/1953-08-xx-UN-Radio-The-Korea-Story-02-The-Quiet-War-Helen-Hayes.mp3
 https://archive.org/download/1950-1959RadioNews/1953-11-16-Harry-S-Truman-on-IMF-Harry-Dexter-White-Case.mp3
 https://archive.org/download/1950-1959RadioNews/1953-12-06-NBC-Stroke-of-Fate-Our-Neighbor-in-Alaska.mp3
 https://archive.org/download/1950-1959RadioNews/1953-12-21-NBC-Voices--Events-of-1953-Morgan-Beatty.mp3
 https://archive.org/download/1950-1959RadioNews/1953-12-24-NBC-Bob-Hope-Frank-Sinatra.mp3
 https://archive.org/download/1950-1959RadioNews/1953-12-25-NBC-Bob-Hope-Long-Beach-Veterans-Hospital-Esther-Williams.mp3
 https://archive.org/download/1950-1959RadioNews/1954-03-xx-CBS-Edward-R-Murrow-Commentary-on-Senator-McCarthy.mp3
 https://archive.org/download/1950-1959RadioNews/1954-03-xx-CBS-News-and-Edward-R-Murrow-Spars-With-Senator-McCarthy.mp3
 https://archive.org/download/1950-1959RadioNews/1954-05-05-CBS-Army-McCarthy-Hearings-Update.mp3
 https://archive.org/download/1950-1959RadioNews/1954-05-31-Eisenhower-Mans-Right-To-Knowledge-And-Its-Free-Use-Thereof.mp3
 https://archive.org/download/1950-1959RadioNews/1954-06-04-KFWB-News.mp3
 https://archive.org/download/1950-1959RadioNews/1954-08-10-CBS-Lets-Talk-About-You-Norman-Vincent-Peale-Gen-Jimmy-Doolittle.mp3
 https://archive.org/download/1950-1959RadioNews/1954-09-29-NBC-The-Catch-Jack-Brickhouse.mp3
 https://archive.org/download/1950-1959RadioNews/1954-xx-xx-SYN-Phil-Rizzutos-Sports-Caravan---Bill-Stern.mp3
 https://archive.org/download/1950-1959RadioNews/1954-xx-xx-SYN-Phil-Rizzutos-Sports-Caravan---Mel-Allen.mp3
 https://archive.org/download/1950-1959RadioNews/1954-xx-xx-SYN-Red-Cross-Appeal-Guest-Bob-Hope.mp3
 https://archive.org/download/1950-1959RadioNews/1954-xx-xx-UN-Radio-The-Day-It-Happened-Madeleine-Carroll-Franchot-Tone-Lowell-Thomas.mp3
 https://archive.org/download/1950-1959RadioNews/1955-02-xx-SYN-A-Common-Virtue-The-Battle-For-Iwo-Jima-Anniversary-Tribute.mp3
 https://archive.org/download/1950-1959RadioNews/1955-12-31-MBS-KHJ-News-Gabriel-Heatter-Virgil-Pinkley.mp3
 https://archive.org/download/1950-1959RadioNews/1955-12-xx-AFRTS-VA-Hospitals-Christmas-Bing-Crosby-Dinah-Shore.mp3
 https://archive.org/download/1950-1959RadioNews/1955-xx-xx-UN-Radio-The-Birthday-Party-Julie-Harris.mp3
 https://archive.org/download/1950-1959RadioNews/1956-01-26-CBC-Foreign-Correspondents-Recall-Their-Best-Stories.mp3
 https://archive.org/download/1950-1959RadioNews/1956-01-29-CBC-Ernest-Alvia-Smokey-Smith-VC.mp3
 https://archive.org/download/1950-1959RadioNews/1956-03-09-CBS-Radio-Workshop-Report-on-ESP.mp3
 https://archive.org/download/1950-1959RadioNews/1956-07-10-NBC-All-Star-Game.mp3
 https://archive.org/download/1950-1959RadioNews/1956-08-23-Dwight-D-Eisenhower-Acceptance-Speech.mp3
 https://archive.org/download/1950-1959RadioNews/1956-10-17-ABC-FCDA-Tomorrow-Orson-Welles.mp3
 https://archive.org/download/1950-1959RadioNews/1956-11-15-WCCO-Nighttime-News-Cedric-Adams.mp3
 https://archive.org/download/1950-1959RadioNews/1956-12-10-CBC-Matthew-Halton-Remembered-By-Colleagues.mp3
 https://archive.org/download/1950-1959RadioNews/1956-xx-xx-BBC-UN-Radio-The-Charter-in-the-Saucer-Laurence-Olivier-Norman-Corwin.mp3
 https://archive.org/download/1950-1959RadioNews/1956-xx-xx-UN-Radio-A-Friendly-Warning-Alistair-Cooke.mp3
 https://archive.org/download/1950-1959RadioNews/1957-01-18-CBS-Edward-R-Murrow-With-The-News.mp3
 https://archive.org/download/1950-1959RadioNews/1957-05-12-CBS-Suspense-Tarawa-Was-Tough.mp3
 https://archive.org/download/1950-1959RadioNews/1957-07-04-WQXR-The-Declaration-Of-Independence-JFK.mp3
 https://archive.org/download/1950-1959RadioNews/1957-10-04-Radio-Moscow-News-of-Sputnik.mp3
 https://archive.org/download/1950-1959RadioNews/1958-07-14-BBC-Big-Ben-Nancy-Mitford-et-al.mp3
 https://archive.org/download/1950-1959RadioNews/1958-xx-xx-Wayne-and-Shuster-A-Shakespearean-Baseball-Game.mp3
 https://archive.org/download/1950-1959RadioNews/1959-08-23-BBC-Prologue-to-War.mp3
 https://archive.org/download/1950-1959RadioNews/1959-xx-xx-Flannery-OConnor-Vanderbilt-University-Nashville-TN-A-Good-Man-Is-Hard-To-Find.mp3
 https://archive.org/download/1950-1959RadioNews/1959-xx-xx-Flannery-OConnor-Vanderbilt-University-Nashville-TN-Some-Aspects-of-the-Grotesque-in-Southern-literature.mp3
 https://archive.org/download/1950-1959RadioNews/1959-xx-xx-UN-Radio-The-Fight-Against-Polio-Frank-Sinatra.mp3
 https://archive.org/download/Winston_Churchill/1934-11-16_BBC_Winston_Churchill_The_Threat_Of_Nazi_Germany.mp3
 https://archive.org/download/Winston_Churchill/1937-xx-xx_BBC_Winston_Churchill_The_German_Ambassador.mp3
 https://archive.org/download/Winston_Churchill/1938-04-30_BBC_Winston_Churchill_To_The_Royal_Academy_Of_Arts.mp3
 https://archive.org/download/Winston_Churchill/1938-10-16_BBC_Winston_Churchill_We_Must_Arm.mp3
 https://archive.org/download/Winston_Churchill/1939-10-01_BBC_Winston_Churchill_The_First_Month_of_the_War.mp3
 https://archive.org/download/Winston_Churchill/1939-11-12_BBC_Winston_Churchill_Ten_Weeks_Of_War.mp3
 https://archive.org/download/Winston_Churchill/1939-12-18_BBC_Winston_Churchill_The_Sinking_Of_The_Graf_Spee.mp3
 https://archive.org/download/Winston_Churchill/1940-02-23_BBC_Winston_Churchill_The_Navy_Is_Here.mp3
 https://archive.org/download/Winston_Churchill/1940-05-13_BBC_Winston_Churchill_The_New_Administration.mp3
 https://archive.org/download/Winston_Churchill/1940-05-19_BBC_Winston_Churchill_First_Speech_As_Prime_Minister.mp3
 https://archive.org/download/Winston_Churchill/1940-05-28_BBC_Winston_Churchill_On_Capitulation_Of_Belgium.mp3
 https://archive.org/download/Winston_Churchill/1940-06-04_BBC_Winston_Churchill_We_Shall_Never_Surrender.mp3
 https://archive.org/download/Winston_Churchill/1940-06-17_BBC_Winston_Churchill_Their_Finest_Hour.mp3
 https://archive.org/download/Winston_Churchill/1940-07-14_BBC_Winston_Churchill_War_Of_The_Unknown_Warrior.mp3
 https://archive.org/download/Winston_Churchill/1940-08-20_BBC_Winston_Churchill_The_First_Year.mp3
 https://archive.org/download/Winston_Churchill/1940-09-17_BBC_Winston_Churchill_House_Of_Commons_Secret_Session.mp3
 https://archive.org/download/Winston_Churchill/1940-10-21_BBCF_Winston_Churchill_To_France_En_Fran-21497c165.mp3
 https://archive.org/download/Winston_Churchill/1940-10-21_BBCF_Winston_Churchill_To_France_En_Fran.mp3
 https://archive.org/download/Winston_Churchill/1940-10-21_BBC_Winston_Churchill_Pledge_To_Free_France.mp3
 https://archive.org/download/Winston_Churchill/1940-12-23_BBC_Winston_Churchill_Address_To_Italy.mp3
 https://archive.org/download/Winston_Churchill/1941-02-09_BBC_Winston_Churchill_Give_Us_The_Tools.mp3
 https://archive.org/download/Winston_Churchill/1941-04-27_BBC_Winston_Churchill_Westward_Look_The_Land_Is_Bright.mp3
 https://archive.org/download/Winston_Churchill/1941-06-12_BBC_Winston_Churchill_Until_Victory_Is_Won.mp3
 https://archive.org/download/Winston_Churchill/1941-06-16_BBC_Winston_Churchill_Broadcast_To_America.mp3
 https://archive.org/download/Winston_Churchill/1941-06-22_BBC_Winston_Churchill_Germany_Invades_Russia.mp3
 https://archive.org/download/Winston_Churchill/1941-07-14_BBC_Winston_Churchill_Do_Your_Worst_Well_Do_Our_Best.mp3
 https://archive.org/download/Winston_Churchill/1941-07-29_BBC_Winston_Churchill_War_Production.mp3
 https://archive.org/download/Winston_Churchill/1941-08-14_BBC_Winston_Churchill_The_Atlantic_Charter.mp3
 https://archive.org/download/Winston_Churchill/1941-08-24_BBC_Winston_Churchill_Meeting_With_President_Roosevelt.mp3
 https://archive.org/download/Winston_Churchill/1941-08-29_BBC_Winston_Churchill_These_Are_Great_Days.mp3
 https://archive.org/download/Winston_Churchill/1941-09-09_BBC_Winston_Churchill_Still_Masters_Of_Our_Fate.mp3
 https://archive.org/download/Winston_Churchill/1941-11-07_BBC_Winston_Churchill_The_Resolution_Of_The_People.mp3
 https://archive.org/download/Winston_Churchill/1941-11-29_BBC_Winston_Churchill_Address_To_Harrow_School.mp3
 https://archive.org/download/Winston_Churchill/1941-12-08_BBC_Winston_Churchill_War_With_Japan.mp3
 https://archive.org/download/Winston_Churchill/1941-12-24_BBC_Winston_Churchill_The_White_House_Christmas_Tree.mp3
 https://archive.org/download/Winston_Churchill/1941-12-30_CBC_Winston_Churchill_Preparation_Liberation_Assault.mp3
 https://archive.org/download/Winston_Churchill/1942-02-15_BBC_Winston_Churchill_Reviews_Atlantic_Charter_Summit.mp3
 https://archive.org/download/Winston_Churchill/1942-11-10_BBC_Winston_Churchill_The_End_Of_The_Beginning.mp3
 https://archive.org/download/Winston_Churchill/1943-03-21_BBC_Winston_Churchill_National_Address.mp3
 https://archive.org/download/Winston_Churchill/1943-05-19_BBC_Winston_Churchill_Second_Address_To_US_Congress.mp3
 https://archive.org/download/Winston_Churchill/1943-06-30_BBC_Winston_Churchill_Reaping_The_Whirlwind.mp3
 https://archive.org/download/Winston_Churchill/1943-08-31_CBC_Winston_Churchill_Broadcast_From_Quebec.mp3
 https://archive.org/download/Winston_Churchill/1943-09-06_BBC_Winston_Churchill_Anglo_American_Unity.mp3
 https://archive.org/download/Winston_Churchill/1943-10-28_BBC_Winston_Churchill_Rebuilding_The_House_Of_Commons.mp3
 https://archive.org/download/Winston_Churchill/1944-03-26_BBC_Winston_Churchill_On_Allied_Victories.mp3
 https://archive.org/download/Winston_Churchill/1944-11-09_BBC_Winston_Churchill_The_Fruits_Of_1944.mp3
 https://archive.org/download/Winston_Churchill/1944-11-23_BBC_Winston_Churchill_Americas_Thanksgiving_Day.mp3
 https://archive.org/download/Winston_Churchill/1945-03-25_BBC_Robert_Barr_Reports_Winston_Churchill_Crosses_The_Rhine.mp3
 https://archive.org/download/Winston_Churchill/1945-05-08_BBC_Winston_Churchill_Germanys_Unconditional_Surrender.mp3
 https://archive.org/download/Winston_Churchill/1945-05-08_BBC_Winston_Churchill_VE_Day_Celebrations_Ministry_of_Health_Building.mp3
 https://archive.org/download/Winston_Churchill/1946-03-05_BBC_Winston_Churchill_The_Sinews_Of_Peace.mp3
 https://archive.org/download/Winston_Churchill/Biography_in_Sound_541128_02_Winston_Churchill.mp3
 https://archive.org/download/Winston_Churchill/WU181111_WINSTONCHURCHILL_0001_THE_HOUR_OF_ARMISTACE.mp3
 https://archive.org/download/Winston_Churchill/WU280000_WINSTONCHURCHILL_0002_THE_FOLLIES_OF_THE_VICTORS.mp3
 https://archive.org/download/Winston_Churchill/WU330424_WINSTONCHURCHILL_0003_THE_LOCUST_YEARS.mp3
 https://archive.org/download/Winston_Churchill/WU341116_WINSTONCHURCHILL_0004_THE_CAUSES_OF_WAR.mp3
 https://archive.org/download/Winston_Churchill/WU360300_WINSTONCHURCHILL_0005_THE_LOADED_PAUSE.mp3
 https://archive.org/download/Winston_Churchill/WU361000_WINSTONCHURCHILL_0006_MEETING_WITH_VON_RIPPENTROP.mp3
 https://archive.org/download/Winston_Churchill/WU370000_WINSTONCHURCHILL_0007_MR.EDENS_RESIGNATION.mp3
 https://archive.org/download/Winston_Churchill/WU380430_WINSTONCHURCHILL_0008_SPEECH.mp3
 https://archive.org/download/Winston_Churchill/WU380900_WINSTONCHURCHILL_0009_MUNICH_WINTER.mp3
 https://archive.org/download/Winston_Churchill/WU381016_WINSTONCHURCHILL_0010_SPEECH.mp3
 https://archive.org/download/Winston_Churchill/WU381100_WINSTONCHURCHILL_0011_THE_SOVIET_ENIGMA.mp3
 https://archive.org/download/Winston_Churchill/WU381200_WINSTONCHURCHILL_0012_WAR.mp3
 https://archive.org/download/Winston_Churchill/WU391001_WINSTONCHURCHILL_0013_THE_FIRST_MONTH_OF_WAR.mp3
 https://archive.org/download/Winston_Churchill/WU391112_WINSTONCHURCHILL_0014_TEN_WEEKS_OF_WAR.mp3
 https://archive.org/download/Winston_Churchill/WU391218_WINSTONCHURCHILL_0015_SINKING_OF_THE_GRAF_SPEE.mp3
 https://archive.org/download/Winston_Churchill/WU400120_WINSTONCHURCHILL_0016_NEUTRALS-LIBERATION_IS_SURE.mp3
 https://archive.org/download/Winston_Churchill/WU400223_WINSTONCHURCHILL_0017_THE_NAVY_IS_HERE.mp3
 https://archive.org/download/Winston_Churchill/WU400312_WINSTONCHURCHILL_0018_BEFORE_THE_STORM.mp3
 https://archive.org/download/Winston_Churchill/WU400330_WINSTONCHURCHILL_0019_A_STERNER_WAR.mp3
 https://archive.org/download/Winston_Churchill/WU400400_WINSTONCHURCHILL_0020_NARVIK_NORWAY.mp3
 https://archive.org/download/Winston_Churchill/WU400400_WINSTONCHURCHILL_0021_FRUSTRATION_IN_NORWAY.mp3
 https://archive.org/download/Winston_Churchill/WU400500_WINSTONCHURCHILL_0022_THE_NATIONAL_COALITION.mp3
 https://archive.org/download/Winston_Churchill/WU400513_WINSTONCHURCHILL_0023_SPEECH_TO_HS_OF_COMMONS.mp3
 https://archive.org/download/Winston_Churchill/WU400519_WINSTONCHURCHILL_0024_BE_YE_MEN_OF_VALOR.mp3
 https://archive.org/download/Winston_Churchill/WU400519_WINSTONCHURCHILL_0025_THE_BATTLE_OF_FRANCE.mp3
 https://archive.org/download/Winston_Churchill/WU400600_WINSTONCHURCHILL_0026_THE_FRENCH_AGONY.mp3
 https://archive.org/download/Winston_Churchill/WU400619_WINSTONCHURCHILL_0026A_CHURCHILL_ON_DUNKIRK_ESCAPE.mp3
 https://archive.org/download/Winston_Churchill/WU400714_WINSTONCHURCHILL_0027_WAR_OF_UNKNOWN_WARRIORS.mp3
 https://archive.org/download/Winston_Churchill/WU400911_WINSTONCHURCHILL_0028_CRUX_OF_THE_WHOLE_WAR.mp3
 https://archive.org/download/Winston_Churchill/WU400915_WINSTONCHURCHILL_0029_THE_BATTLE_OF_BRITIAN.mp3
 https://archive.org/download/Winston_Churchill/WU400917_WINSTONCHURCHILL_0030_LONDON_SECRET_SESSION.mp3
 https://archive.org/download/Winston_Churchill/WU401200_WINSTONCHURCHILL_0030A_WINSTON_CHURCHILL_TALK.mp3
 https://archive.org/download/Winston_Churchill/WU401230_WINSTONCHURCHILL_0031_CANADA_HOUSE_OF_COMMONS.mp3
 https://archive.org/download/Winston_Churchill/WU410209_WINSTONCHURCHILL_0032_GIVE_US_THE_TOOLS.mp3
 https://archive.org/download/Winston_Churchill/WU410612_WINSTONCHURCHILL_0033_UNTIL_VICTORY_IS_WON.mp3
 https://archive.org/download/Winston_Churchill/WU410714_WINSTONCHURCHILL_0034_DO_YOUR_WORST_WE_DO_OUT_BEST.mp3
 https://archive.org/download/Winston_Churchill/WU410729_WINSTONCHURCHILL_0035_WAR_PRODUCTION_SPEECH.mp3
 https://archive.org/download/Winston_Churchill/WU410814_WINSTONCHURCHILL_0036_THE_ATLANTIC_CHARTER-1.mp3
 https://archive.org/download/Winston_Churchill/WU410824_WINSTONCHURCHILL_0037_MEETING_WITH_ROOSEVELT.mp3
 https://archive.org/download/Winston_Churchill/WU410909_WINSTONCHURCHILL_0038_MASTERS_OF_OUR_FATE.mp3
 https://archive.org/download/Winston_Churchill/WU411029_WINSTONCHURCHILL_0039_THESE_ARE_GREAT_DAYS.mp3
 https://archive.org/download/Winston_Churchill/WU411107_WINSTONCHURCHILL_0040_WITH_GREAT_RESOLUTION.mp3
 https://archive.org/download/Winston_Churchill/WU411208_WINSTONCHURCHILL_0041_WAR_WITH_JAPAN.mp3
 https://archive.org/download/Winston_Churchill/WU411224_WINSTONCHURCHILL_0042_FROM_THE_WHITE_HOUSE.mp3
 https://archive.org/download/Winston_Churchill/WU420510_WINSTONCHURCHILL_0043_PM_FOR_2_YEARS.mp3
 https://archive.org/download/Winston_Churchill/WU421110_WINSTONCHURCHILL_0044_END_OF_THE_BEGINNING.mp3
 https://archive.org/download/Winston_Churchill/WU430519_WINSTONCHURCHILL_0045_SPEECH_AT_US_CONGRESS.mp3
 https://archive.org/download/Winston_Churchill/WU430630_WINSTONCHURCHILL_0046_BEFORE_THE_AUTUMN_UNITY.mp3
 https://archive.org/download/Winston_Churchill/WU430906_WINSTONCHURCHILL_0047_ANGLO_AMERICAN_UNITY.mp3
 https://archive.org/download/Winston_Churchill/WU431028_WINSTONCHURCHILL_0048_REBUILDING_HOUSE_OF_COMMONS.mp3
 https://archive.org/download/Winston_Churchill/WU441109_WINSTONCHURCHILL_0049_THE_FRUITS_OF_1944.mp3
 https://archive.org/download/Winston_Churchill/WU441123_WINSTONCHURCHILL_0050_SPEECH_FOR_US_THANKSGIVING_DAY.mp3
 https://archive.org/download/Winston_Churchill/WU450508_WINSTONCHURCHILL_0051_UNCONDITIONAL_GERMAN_SURRENDER.mp3
 https://archive.org/download/Adventures_In_Research/Adventures_in_Research_43-02-02_ep001_Piece_of_Silk.mp3
 https://archive.org/download/Adventures_In_Research/Adventures_in_Research_43-02-09_ep002_Fight_Against_Fire.mp3
 https://archive.org/download/Adventures_In_Research/Adventures_in_Research_43-02-16_ep003_The_King_of_Ice.mp3
 https://archive.org/download/Adventures_In_Research/Adventures_in_Research_43-02-23_ep004_And_Then_the_Night.mp3
 https://archive.org/download/Adventures_In_Research/Adventures_in_Research_43-03-02_ep005_I_Scream_You_Scream.mp3
 https://archive.org/download/Adventures_In_Research/Adventures_in_Research_43-03-09_ep006_Yesterdays_Secret_Weapon.mp3
 https://archive.org/download/Adventures_In_Research/Adventures_in_Research_43-03-16_ep007_Mariah_Coventry.mp3
 https://archive.org/download/Adventures_In_Research/Adventures_in_Research_43-03-23_ep008_The_Man_Who_Found_a_Continent.mp3
 https://archive.org/download/Adventures_In_Research/Adventures_in_Research_43-03-30_ep009_The_Immigrant_Inventor.mp3
 https://archive.org/download/Adventures_In_Research/Adventures_in_Research_43-04-06_ep010_Dirty_Hands.mp3
 https://archive.org/download/Adventures_In_Research/Adventures_in_Research_43-04-27_ep013_Victory_in_the_Desert.mp3
 https://archive.org/download/Adventures_In_Research/Adventures_in_Research_43-05-11_ep015_The_Recluse_of_Fitzroy_Square.mp3
 https://archive.org/download/Adventures_In_Research/Adventures_in_Research_44-11-21_ep095_History_of_1st_Regular_Radio_Broadcast.mp3
 https://archive.org/download/Adventures_In_Research/Adventures_in_Research_44-11-28_ep096_Telegraphy.mp3
 https://archive.org/download/Adventures_In_Research/Adventures_in_Research_45-10-16_ep142_A_New_Kind_Of_Movie.mp3
 https://archive.org/download/Adventures_In_Research/Adventures_in_Research_46-05-16_ep173_George_Westinghouse.mp3
 https://archive.org/download/Adventures_In_Research/Adventures_in_Research_46-07-02_ep180_Electronics_in_Communications.mp3
 https://archive.org/download/Adventures_In_Research/Adventures_in_Research_46-07-09_ep181_Electronics_in_Transportation.mp3
 https://archive.org/download/Adventures_In_Research/Adventures_in_Research_46-07-30_ep184_King_of_Clocks.mp3
 https://archive.org/download/Adventures_In_Research/Adventures_in_Research_46-08-06_ep185_The_Paper_Invention_That_Worked.mp3
 https://archive.org/download/Adventures_In_Research/Adventures_in_Research_46-08-13_ep186_Golden_Jubilee.mp3
 https://archive.org/download/Adventures_In_Research/Adventures_in_Research_46-08-20_ep187_The_First_American_Patent.mp3
 https://archive.org/download/Adventures_In_Research/Adventures_in_Research_46-08-27_ep188_Typewriter_History.mp3
 https://archive.org/download/Adventures_In_Research/Adventures_in_Research_46-09-03_ep189_Science_in_Recreation.mp3
 https://archive.org/download/Adventures_In_Research/Adventures_in_Research_46-09-10_ep190_The_Story_of_Metal_X.mp3
 https://archive.org/download/Adventures_In_Research/Adventures_in_Research_46-09-17_ep191_Birth_of_the_Balloon.mp3
 https://archive.org/download/Adventures_In_Research/Adventures_in_Research_46-10-08_ep194_Dynamite.mp3
 https://archive.org/download/Adventures_In_Research/Adventures_in_Research_46-10-15_ep195_SOFAR.mp3
 https://archive.org/download/Adventures_In_Research/Adventures_in_Research_46-10-22_ep196_Hurricane_Maker.mp3
 https://archive.org/download/Adventures_In_Research/Adventures_in_Research_46-10-29_ep197_Oil_from_Shale.mp3
 https://archive.org/download/Adventures_In_Research/Adventures_in_Research_46-11-05_ep198_The_Cash_Register.mp3
 https://archive.org/download/Adventures_In_Research/Adventures_in_Research_46-11-12_ep199_Uncle_Sams_Attic.mp3
 https://archive.org/download/Adventures_In_Research/Adventures_in_Research_46-11-19_ep200_Toothpowder_Mountain.mp3
 https://archive.org/download/Adventures_In_Research/Adventures_in_Research_46-11-26_ep201_Gustav_Dahlen.mp3
 https://archive.org/download/Adventures_In_Research/Adventures_in_Research_46-12-03_ep202_The_Sting_of_Death.mp3
 https://archive.org/download/Adventures_In_Research/Adventures_in_Research_46-12-10_ep203_The_Dread_Scourge_-_Typhus.mp3
 https://archive.org/download/Adventures_In_Research/Adventures_in_Research_46-12-31_ep206_Time_Through_the_Ages.mp3
 https://archive.org/download/Adventures_In_Research/Adventures_in_Research_47-01-07_ep207_Beauty_in_Clay.mp3
 https://archive.org/download/Adventures_In_Research/Adventures_in_Research_47-01-14_ep208_Plague_Conqueror.mp3
 https://archive.org/download/Adventures_In_Research/Adventures_in_Research_47-01-21_ep209_Man_of_Destiny.mp3
 https://archive.org/download/Adventures_In_Research/Adventures_in_Research_47-01-28_ep210_The_Rain_Wizard.mp3
 https://archive.org/download/Adventures_In_Research/Adventures_in_Research_47-02-04_ep211_Stone_That_Gave_Light.mp3
 https://archive.org/download/Adventures_In_Research/Adventures_in_Research_47-02-11_ep212_The_Perfect_Clock.mp3
 https://archive.org/download/Adventures_In_Research/Adventures_in_Research_47-02-18_ep213_The_Golden_Mold.mp3
 https://archive.org/download/Adventures_In_Research/Adventures_in_Research_47-02-25_ep214_The_Lost_Chemical.mp3
 https://archive.org/download/Adventures_In_Research/Adventures_in_Research_47-03-04_ep215_The_Modern_Road.mp3
 https://archive.org/download/Adventures_In_Research/Adventures_in_Research_52-12-09_ep514_Dirty_Hands.mp3
 https://archive.org/download/Adventures_In_Research/Adventures_in_Research_54-01-19_ep572_The_Immigrant_Inventor_epRepeat_of_no9.mp3
 https://archive.org/download/Adventures_In_Research/Adventures_in_Research_54-05-11_ep588_And_Then_The_Night_epRepeat_of_no4.mp3
 https://archive.org/download/Adventures_In_Research/Adventures_in_Research_54-05-25_ep590_The_Fight_Against_Fire_epRepeat_of_no2.mp3
 https://archive.org/download/Adventures_In_Research/Adventures_in_Research_54-06-01_ep591_The_King_Of_Ice_epRepeat_of_no3.mp3
 https://archive.org/download/Adventures_In_Research/Adventures_in_Research_54-06-08_ep592_I_Scream_You_Scream_epRepeat_no5.mp3
 https://archive.org/download/Adventures_In_Research/Adventures_in_Research_54-06-15_ep593_Yesterdays_Secret_Weapons_epRepeat_no6.mp3
 https://archive.org/download/Adventures_In_Research/Adventures_in_Research_54-06-22_ep594_The_Man_Who_Found_A_Continent.mp3
 https://archive.org/download/Adventures_In_Research/Adventures_in_Research_54-06-25_ep595_Maria_Coventry.mp3
 https://archive.org/download/Adventures_In_Research/Adventures_in_Research_54-07-06_ep596_A_Piece_Of_Silk.mp3
 https://archive.org/download/Adventures_In_Research/Adventures_in_Research_54-09-14_ep606_The_Recluse_of_Fitzroy_Square.mp3
 https://archive.org/download/Adventures_In_Research/Adventures_in_Research_54-09-21_ep607_Victory_In_The_Desert_epRepeat_of_no13.mp3
 https://archive.org/download/Adventures_In_Research/Adventures_in_Research_54-09-28_ep608_Patent_Number_547860.mp3
 https://archive.org/download/Adventures_In_Research/Adventures_in_Research_54-10-05_ep609_Death_Of_The_Dawn_Man.mp3
 https://archive.org/download/Adventures_In_Research/Adventures_in_Research_54-10-12_ep610_A_Cup_Of_Sugar.mp3
 https://archive.org/download/Adventures_In_Research/Adventures_in_Research_54-10-19_ep611_The_Fabulous_Mineral.mp3
 https://archive.org/download/Adventures_In_Research/Adventures_in_Research_54-10-26_ep612_The_Blizzard_of_88.mp3
 https://archive.org/download/Adventures_In_Research/Adventures_in_Research_54-11-02_ep613_Hairpin_In_The_Bottle.mp3
 https://archive.org/download/Adventures_In_Research/Adventures_in_Research_54-11-09_ep614_Americans_First_Invention.mp3
 https://archive.org/download/Adventures_In_Research/Adventures_in_Research_54-11-16_ep615_Fence_Around_America.mp3
 https://archive.org/download/Adventures_In_Research/Adventures_in_Research_54-11-23_ep616_No_Sale.mp3
 https://archive.org/download/Adventures_In_Research/Adventures_in_Research_54-11-30_ep617_A_Touch_Of_Cologne.mp3
 https://archive.org/download/Adventures_In_Research/Adventures_in_Research_54-12-07_ep618_The_Green_And_The_Red.mp3
 https://archive.org/download/Adventures_In_Research/Adventures_in_Research_54-12-14_ep619_The_Perpetual_Discovery.mp3
 https://archive.org/download/Adventures_In_Research/Adventures_in_Research_54-12-21_ep620_The_Overlooked_Housefly.mp3
 https://archive.org/download/Adventures_In_Research/Adventures_in_Research_54-12-28_ep621_The_Missing_Ingredient.mp3
 https://archive.org/download/Adventures_In_Research/Adventures_in_Research_55-01-04_ep622_Kris_Kringles_Helper.mp3
 https://archive.org/download/Adventures_In_Research/Adventures_in_Research_55-01-11_ep623_The_Way_Of_An_Eagle.mp3
 https://archive.org/download/Adventures_In_Research/Adventures_in_Research_55-01-18_ep624_The_First_Skyscraper.mp3
 https://archive.org/download/Adventures_In_Research/Adventures_in_Research_55-01-25_ep625_The_Million_Dollar_Cabbage.mp3
 https://archive.org/download/Adventures_In_Research/Adventures_in_Research_55-02-01_ep626_The_Stamp_Of_Approval.mp3
 https://archive.org/download/Adventures_In_Research/Adventures_in_Research_55-02-08_ep627_Michael_Saves_His_Breath.mp3
 https://archive.org/download/Adventures_In_Research/Adventures_in_Research_55-02-15_ep628_Seven_And_A_Fifth_Degrees.mp3
 https://archive.org/download/Adventures_In_Research/Adventures_in_Research_55-02-22_ep629_Throw_The_Oars_Away.mp3
 https://archive.org/download/Adventures_In_Research/Adventures_in_Research_55-03-01_ep630_Free_As_A_Bird.mp3
 https://archive.org/download/Adventures_In_Research/Adventures_in_Research_55-03-08_ep631_A_Sprig_Of_Mint.mp3
